Component: ARM Compiler 5.06 update 7 (build 960) Tool: armlink [4d3601]

==============================================================================

Section Cross References

    adc.o(i.ADC_Current_Smooth) refers to pubfunc.o(i.ModulusSub) for ModulusSub
    adc.o(i.ADC_Current_Smooth) refers to adc.o(.data) for su8_ADcnt
    adc.o(i.ADC_Current_Smooth) refers to adc.o(.bss) for g_u32ADCValFilter2
    adc.o(i.ADC_Current_Smooth) refers to datadeal.o(.bss) for OtherElement
    adc.o(i.ADC_TTC) refers to pubfunc.o(i.GetEndValue) for GetEndValue
    adc.o(i.ADC_TTC) refers to adc.o(.bss) for g_u16ADCValFilter
    adc.o(i.ADC_TTC) refers to adc.o(.constdata) for iSheldTemp_10K
    adc.o(i.ADC_Vbc) refers to adc.o(.data) for s8ADcnt
    adc.o(i.ADC_Vbc) refers to adc.o(.bss) for g_u32ADCValFilter2
    adc.o(i.App_AnlogCal) refers to system_monitor.o(i.System_FUNC_StartUp) for System_FUNC_StartUp
    adc.o(i.App_AnlogCal) refers to adc.o(i.ADC_TTC) for ADC_TTC
    adc.o(i.App_AnlogCal) refers to system_init.o(.data) for g_st_SysTimeFlag
    adc.o(i.InitADC) refers to adc.o(i.InitADC_GPIO) for InitADC_GPIO
    adc.o(i.InitADC) refers to adc.o(i.InitADC_TIMER) for InitADC_TIMER
    adc.o(i.InitADC) refers to adc.o(i.InitADC_DMA) for InitADC_DMA
    adc.o(i.InitADC) refers to adc.o(i.InitADC_ADC1) for InitADC_ADC1
    adc.o(i.InitADC) refers to adc.o(.bss) for g_u16ADCValFilter
    adc.o(i.InitADC_ADC1) refers to stm32f10x_rcc.o(i.RCC_APB2PeriphClockCmd) for RCC_APB2PeriphClockCmd
    adc.o(i.InitADC_ADC1) refers to stm32f10x_adc.o(i.ADC_DeInit) for ADC_DeInit
    adc.o(i.InitADC_ADC1) refers to stm32f10x_adc.o(i.ADC_StructInit) for ADC_StructInit
    adc.o(i.InitADC_ADC1) refers to stm32f10x_adc.o(i.ADC_Init) for ADC_Init
    adc.o(i.InitADC_ADC1) refers to stm32f10x_rcc.o(i.RCC_ADCCLKConfig) for RCC_ADCCLKConfig
    adc.o(i.InitADC_ADC1) refers to stm32f10x_adc.o(i.ADC_RegularChannelConfig) for ADC_RegularChannelConfig
    adc.o(i.InitADC_ADC1) refers to stm32f10x_adc.o(i.ADC_Cmd) for ADC_Cmd
    adc.o(i.InitADC_ADC1) refers to stm32f10x_adc.o(i.ADC_DMACmd) for ADC_DMACmd
    adc.o(i.InitADC_ADC1) refers to stm32f10x_adc.o(i.ADC_ResetCalibration) for ADC_ResetCalibration
    adc.o(i.InitADC_ADC1) refers to stm32f10x_adc.o(i.ADC_GetResetCalibrationStatus) for ADC_GetResetCalibrationStatus
    adc.o(i.InitADC_ADC1) refers to stm32f10x_adc.o(i.ADC_StartCalibration) for ADC_StartCalibration
    adc.o(i.InitADC_ADC1) refers to stm32f10x_adc.o(i.ADC_GetCalibrationStatus) for ADC_GetCalibrationStatus
    adc.o(i.InitADC_ADC1) refers to stm32f10x_adc.o(i.ADC_ExternalTrigConvCmd) for ADC_ExternalTrigConvCmd
    adc.o(i.InitADC_DMA) refers to stm32f10x_rcc.o(i.RCC_AHBPeriphClockCmd) for RCC_AHBPeriphClockCmd
    adc.o(i.InitADC_DMA) refers to stm32f10x_dma.o(i.DMA_DeInit) for DMA_DeInit
    adc.o(i.InitADC_DMA) refers to stm32f10x_dma.o(i.DMA_StructInit) for DMA_StructInit
    adc.o(i.InitADC_DMA) refers to stm32f10x_dma.o(i.DMA_Init) for DMA_Init
    adc.o(i.InitADC_DMA) refers to stm32f10x_dma.o(i.DMA_Cmd) for DMA_Cmd
    adc.o(i.InitADC_DMA) refers to adc.o(.bss) for g_u16ADCValFilter
    adc.o(i.InitADC_GPIO) refers to stm32f10x_gpio.o(i.GPIO_Init) for GPIO_Init
    adc.o(i.InitADC_TIMER) refers to stm32f10x_rcc.o(i.RCC_APB1PeriphClockCmd) for RCC_APB1PeriphClockCmd
    adc.o(i.InitADC_TIMER) refers to stm32f10x_tim.o(i.TIM_Cmd) for TIM_Cmd
    adc.o(i.InitADC_TIMER) refers to stm32f10x_tim.o(i.TIM_TimeBaseInit) for TIM_TimeBaseInit
    adc.o(i.InitADC_TIMER) refers to stm32f10x_tim.o(i.TIM_OC2Init) for TIM_OC2Init
    adc.o(i.InitADC_TIMER) refers to system_monitor.o(.bss) for System_ErrFlag
    datadeal.o(i.App_AFEGet) refers to i2c_afe1.o(i.UpdateVoltageFromBqMaximo) for UpdateVoltageFromBqMaximo
    datadeal.o(i.App_AFEGet) refers to datadeal.o(i.MonitorAFE) for MonitorAFE
    datadeal.o(i.App_AFEGet) refers to datadeal.o(i.DataLoad_CellVolt) for DataLoad_CellVolt
    datadeal.o(i.App_AFEGet) refers to datadeal.o(i.DataLoad_CellVoltMaxMinFind) for DataLoad_CellVoltMaxMinFind
    datadeal.o(i.App_AFEGet) refers to datadeal.o(i.DataLoad_Temperature) for DataLoad_Temperature
    datadeal.o(i.App_AFEGet) refers to datadeal.o(i.DataLoad_TemperatureMaxMinFind) for DataLoad_TemperatureMaxMinFind
    datadeal.o(i.App_AFEGet) refers to datadeal.o(i.DataLoad_Current) for DataLoad_Current
    datadeal.o(i.App_AFEGet) refers to system_init.o(.data) for g_st_SysTimeFlag
    datadeal.o(i.App_AFEGet) refers to sci_upper.o(.data) for gu8_TxEnable_SCI1
    datadeal.o(i.App_AFEGet) refers to eeprom.o(.data) for u32E2P_Pro_VolCur_WriteFlag
    datadeal.o(i.DataLoad_CellVolt) refers to main.o(.data) for SeriesNum
    datadeal.o(i.DataLoad_CellVolt) refers to main.o(.constdata) for SeriesSelect_AFE1
    datadeal.o(i.DataLoad_CellVolt) refers to i2c_afe1.o(.bss) for SH367309_Read_AFE1
    datadeal.o(i.DataLoad_CellVolt) refers to datadeal.o(.bss) for g_u16CalibCoefK
[...]
    Init_Registers                           0x0800a8e1   Thumb Code    40  datadeal.o(i.Init_Registers)
    IsSleepStartUp                           0x0800a90d   Thumb Code   140  sleepfunction.o(i.IsSleepStartUp)
    LEDCtrl_SOC                              0x0800a99d   Thumb Code    98  led_buzzer.o(i.LEDCtrl_SOC)
    LED_ALM                                  0x0800aa0d   Thumb Code    82  led_buzzer.o(i.LED_ALM)
    LED_SOC                                  0x0800aa6d   Thumb Code   144  led_buzzer.o(i.LED_SOC)
    LogEvent_EEPROM                          0x0800ab01   Thumb Code   146  logrecord.o(i.LogEvent_EEPROM)
    LogEvent_Record                          0x0800ab9d   Thumb Code   164  logrecord.o(i.LogEvent_Record)
    LogTime_Map                              0x0800ac51   Thumb Code    70  logrecord.o(i.LogTime_Map)
    MTPRead                                  0x0800ac9d   Thumb Code    60  i2c_afe1.o(i.MTPRead)
    MTPWrite                                 0x0800acd9   Thumb Code   100  i2c_afe1.o(i.MTPWrite)
    MTPWriteROM                              0x0800ad3d   Thumb Code   100  i2c_afe1.o(i.MTPWriteROM)
    MemManage_Handler                        0x0800ada1   Thumb Code     4  stm32f10x_it.o(i.MemManage_Handler)
    MonitorAFE                               0x0800ada5   Thumb Code   480  datadeal.o(i.MonitorAFE)
    Monitor_TempBreak                        0x0800afa9   Thumb Code   124  pubfunc.o(i.Monitor_TempBreak)
    NMI_Handler                              0x0800b031   Thumb Code     2  stm32f10x_it.o(i.NMI_Handler)
    NVIC_Init                                0x0800b035   Thumb Code   100  misc.o(i.NVIC_Init)
    NVIC_PriorityGroupConfig                 0x0800b0a5   Thumb Code    10  misc.o(i.NVIC_PriorityGroupConfig)
    Ocp_MosJudge                             0x0800b0dd   Thumb Code   130  sh367309_datadeal.o(i.Ocp_MosJudge)
    PWR_BackupAccessCmd                      0x0800b16d   Thumb Code     6  stm32f10x_pwr.o(i.PWR_BackupAccessCmd)
    PWR_EnterSTOPMode                        0x0800b179   Thumb Code    54  stm32f10x_pwr.o(i.PWR_EnterSTOPMode)
    PendSV_Handler                           0x0800b1b9   Thumb Code     2  stm32f10x_it.o(i.PendSV_Handler)
    PwrMag_Protect_Record                    0x0800b1bd   Thumb Code   280  fault.o(i.PwrMag_Protect_Record)
    RCC_ADCCLKConfig                         0x0800b301   Thumb Code    18  stm32f10x_rcc.o(i.RCC_ADCCLKConfig)
    RCC_AHBPeriphClockCmd                    0x0800b319   Thumb Code    26  stm32f10x_rcc.o(i.RCC_AHBPeriphClockCmd)
    RCC_APB1PeriphClockCmd                   0x0800b339   Thumb Code    26  stm32f10x_rcc.o(i.RCC_APB1PeriphClockCmd)
    RCC_APB1PeriphResetCmd                   0x0800b359   Thumb Code    26  stm32f10x_rcc.o(i.RCC_APB1PeriphResetCmd)
    RCC_APB2PeriphClockCmd                   0x0800b379   Thumb Code    26  stm32f10x_rcc.o(i.RCC_APB2PeriphClockCmd)
    RCC_APB2PeriphResetCmd                   0x0800b399   Thumb Code    26  stm32f10x_rcc.o(i.RCC_APB2PeriphResetCmd)
    RCC_BackupResetCmd                       0x0800b3b9   Thumb Code     6  stm32f10x_rcc.o(i.RCC_BackupResetCmd)
    RCC_ClearFlag                            0x0800b3c5   Thumb Code    14  stm32f10x_rcc.o(i.RCC_ClearFlag)
    RCC_GetClocksFreq                        0x0800b3d9   Thumb Code   192  stm32f10x_rcc.o(i.RCC_GetClocksFreq)
    RCC_GetFlagStatus                        0x0800b4ad   Thumb Code    56  stm32f10x_rcc.o(i.RCC_GetFlagStatus)
    RCC_GetSYSCLKSource                      0x0800b4e9   Thumb Code    10  stm32f10x_rcc.o(i.RCC_GetSYSCLKSource)
    RCC_HSEConfig                            0x0800b4f9   Thumb Code    70  stm32f10x_rcc.o(i.RCC_HSEConfig)
    RCC_LSEConfig                            0x0800b545   Thumb Code    46  stm32f10x_rcc.o(i.RCC_LSEConfig)
    RCC_LSICmd                               0x0800b579   Thumb Code     6  stm32f10x_rcc.o(i.RCC_LSICmd)
    RCC_PLLCmd                               0x0800b585   Thumb Code     6  stm32f10x_rcc.o(i.RCC_PLLCmd)
    RCC_RTCCLKCmd                            0x0800b591   Thumb Code     6  stm32f10x_rcc.o(i.RCC_RTCCLKCmd)
    RCC_RTCCLKConfig                         0x0800b59d   Thumb Code    12  stm32f10x_rcc.o(i.RCC_RTCCLKConfig)
    RCC_SYSCLKConfig                         0x0800b5ad   Thumb Code    18  stm32f10x_rcc.o(i.RCC_SYSCLKConfig)
    RTCAlarm_IRQHandler                      0x0800b5c5   Thumb Code    22  rtc.o(i.RTCAlarm_IRQHandler)
    RTC_AlarmConfig                          0x0800b5e1   Thumb Code    62  rtc.o(i.RTC_AlarmConfig)
    RTC_ClearFlag                            0x0800b621   Thumb Code    12  stm32f10x_rtc.o(i.RTC_ClearFlag)
    RTC_ClearITPendingBit                    0x0800b631   Thumb Code    12  stm32f10x_rtc.o(i.RTC_ClearITPendingBit)
    RTC_ClockConfig                          0x0800b641   Thumb Code   196  rtc.o(i.RTC_ClockConfig)
    RTC_EnterConfigMode                      0x0800b705   Thumb Code    14  stm32f10x_rtc.o(i.RTC_EnterConfigMode)
    RTC_ExitConfigMode                       0x0800b719   Thumb Code    16  stm32f10x_rtc.o(i.RTC_ExitConfigMode)
    RTC_GetCounter                           0x0800b72d   Thumb Code    16  stm32f10x_rtc.o(i.RTC_GetCounter)
    RTC_GetITStatus                          0x0800b741   Thumb Code    32  stm32f10x_rtc.o(i.RTC_GetITStatus)
    RTC_IRQHandler                           0x0800b765   Thumb Code    46  rtc.o(i.RTC_IRQHandler)
    RTC_ITConfig                             0x0800b799   Thumb Code    26  stm32f10x_rtc.o(i.RTC_ITConfig)
    RTC_NVIC_Config                          0x0800b7b9   Thumb Code    42  rtc.o(i.RTC_NVIC_Config)
    RTC_SetAlarm                             0x0800b7e5   Thumb Code    24  stm32f10x_rtc.o(i.RTC_SetAlarm)
    RTC_SetCounter                           0x0800b801   Thumb Code    24  stm32f10x_rtc.o(i.RTC_SetCounter)
    RTC_SetPrescaler                         0x0800b81d   Thumb Code    26  stm32f10x_rtc.o(i.RTC_SetPrescaler)
    RTC_TimeConfig                           0x0800b83d   Thumb Code    24  rtc.o(i.RTC_TimeConfig)
    RTC_WKTimeConfig                         0x0800b859   Thumb Code    52  rtc.o(i.RTC_WKTimeConfig)
    RTC_WaitForLastTask                      0x0800b891   Thumb Code    16  stm32f10x_rtc.o(i.RTC_WaitForLastTask)
    RTC_WaitForSynchro                       0x0800b8a5   Thumb Code    30  stm32f10x_rtc.o(i.RTC_WaitForSynchro)
    ReadEEPROM_AFE_Parameters                0x0800b8c9   Thumb Code    86  sh367309_datadeal.o(i.ReadEEPROM_AFE_Parameters)
    ReadEEPROM_Byte                          0x0800b929   Thumb Code   148  eeprom.o(i.ReadEEPROM_Byte)
    ReadEEPROM_ByteData_StartUp              0x0800b9bd   Thumb Code  1276  eeprom.o(i.ReadEEPROM_ByteData_StartUp)
    ReadEEPROM_EventRecord_Parameters        0x0800bec5   Thumb Code   130  logrecord.o(i.ReadEEPROM_EventRecord_Parameters)
    ReadEEPROM_Word_NoZone                   0x0800bf55   Thumb Code    36  eeprom.o(i.ReadEEPROM_Word_NoZone)
    ReadEEPROM_Word_WithZone                 0x0800bf79   Thumb Code   180  eeprom.o(i.ReadEEPROM_Word_WithZone)
    RefreshData_SOC                          0x0800c02d   Thumb Code    44  soc.o(i.RefreshData_SOC)
    RefreshData_SleepFunction                0x0800c061   Thumb Code    42  sleepdeal.o(i.RefreshData_SleepFunction)
    Refresh_Parameters                       0x0800c099   Thumb Code   672  sh367309_datadeal.o(i.Refresh_Parameters)
    SH367309_DriverMos_Ctrl                  0x0800c36d   Thumb Code    78  sh367309_func.o(i.SH367309_DriverMos_Ctrl)
    SH367309_Driver_Supplement               0x0800c3c1   Thumb Code   370  sh367309_func.o(i.SH367309_Driver_Supplement)
    SH367309_Enable_AFE_Wdt_Cadc_Drivers     0x0800c561   Thumb Code    52  sh367309_func.o(i.SH367309_Enable_AFE_Wdt_Cadc_Drivers)
    SH367309_UpdataAfeConfig                 0x0800c599   Thumb Code    86  sh367309_datadeal.o(i.SH367309_UpdataAfeConfig)
    SOC_Cont_AH_Int_CHG                      0x0800c601   Thumb Code   264  socenhance.o(i.SOC_Cont_AH_Int_CHG)
    SOC_Cont_AH_Int_DSG                      0x0800c71d   Thumb Code   274  socenhance.o(i.SOC_Cont_AH_Int_DSG)
    SOC_DealEEPROM_Data                      0x0800c845   Thumb Code   466  socenhance.o(i.SOC_DealEEPROM_Data)
    SOC_EEPROM_Deal_Monitor                  0x0800ca25   Thumb Code   312  socenhance.o(i.SOC_EEPROM_Deal_Monitor)
    SOC_IntEnhance_Ctrl                      0x0800cb71   Thumb Code    82  socenhance.o(i.SOC_IntEnhance_Ctrl)
    SOC_RefreshData_Monitor                  0x0800cbc9   Thumb Code    88  socenhance.o(i.SOC_RefreshData_Monitor)
    SOC_Result_Pass                          0x0800cc35   Thumb Code   160  socenhance.o(i.SOC_Result_Pass)
    SOC_State_Transfer                       0x0800cce1   Thumb Code   172  socenhance.o(i.SOC_State_Transfer)
    SOC_Update_StartUp                       0x0800cda1   Thumb Code   382  socenhance.o(i.SOC_Update_StartUp)
    SVC_Handler                              0x0800cf35   Thumb Code     2  stm32f10x_it.o(i.SVC_Handler)
    Sci1_CommonUpper_FaultChk                0x0800cf39   Thumb Code   120  sci_upper.o(i.Sci1_CommonUpper_FaultChk)
    Sci1_CommonUpper_Rx_Deal                 0x0800cfb9   Thumb Code   266  sci_upper.o(i.Sci1_CommonUpper_Rx_Deal)
    Sci1_CommonUpper_Tx_Deal                 0x0800d0c9   Thumb Code   186  sci_upper.o(i.Sci1_CommonUpper_Tx_Deal)
    Sci2_CommonUpper_FaultChk                0x0800d1a5   Thumb Code   120  sci_upper.o(i.Sci2_CommonUpper_FaultChk)
    Sci2_CommonUpper_Rx_Deal                 0x0800d225   Thumb Code   266  sci_upper.o(i.Sci2_CommonUpper_Rx_Deal)
    Sci2_CommonUpper_Tx_Deal                 0x0800d335   Thumb Code   186  sci_upper.o(i.Sci2_CommonUpper_Tx_Deal)
    Sci_ACK_0x03                             0x0800d411   Thumb Code   274  sci_upper.o(i.Sci_ACK_0x03)
    Sci_ACK_0x03_RW_AFE_Parameters           0x0800d529   Thumb Code    50  sh367309_datadeal.o(i.Sci_ACK_0x03_RW_AFE_Parameters)
    Sci_ACK_0x03_RW_Data_Cali                0x0800d561   Thumb Code    70  sci_upper.o(i.Sci_ACK_0x03_RW_Data_Cali)
    Sci_ACK_0x03_RW_Data_Other               0x0800d5b1   Thumb Code   208  sci_upper.o(i.Sci_ACK_0x03_RW_Data_Other)
    Sci_ACK_0x03_RW_Data_OtherCanAdd         0x0800d6a1   Thumb Code    80  sci_upper.o(i.Sci_ACK_0x03_RW_Data_OtherCanAdd)
    Sci_ACK_0x03_RW_Data_Pro                 0x0800d6f9   Thumb Code    44  sci_upper.o(i.Sci_ACK_0x03_RW_Data_Pro)
    Sci_ACK_0x03_ReadRegs_Data               0x0800d729   Thumb Code  1052  sci_upper.o(i.Sci_ACK_0x03_ReadRegs_Data)
    Sci_ACK_0x03_ReadRegs_EventRecord        0x0800db45   Thumb Code    70  logrecord.o(i.Sci_ACK_0x03_ReadRegs_EventRecord)
    Sci_ACK_0x03_ReadRegs_LCD                0x0800db95   Thumb Code   440  sci_upper.o(i.Sci_ACK_0x03_ReadRegs_LCD)
    Sci_ACK_0x06_0x10                        0x0800dd61   Thumb Code    90  sci_upper.o(i.Sci_ACK_0x06_0x10)
    Sci_CRC16RTU                             0x0800ddbb   Thumb Code    54  pubfunc.o(i.Sci_CRC16RTU)
    Sci_DataInit                             0x0800ddf1   Thumb Code    54  sci_upper.o(i.Sci_DataInit)
    Sci_Deal_ReadRegs_0x03                   0x0800de2d   Thumb Code   160  sci_upper.o(i.Sci_Deal_ReadRegs_0x03)
    Sci_Deal_WrReg_0x06                      0x0800decd   Thumb Code   182  sci_upper.o(i.Sci_Deal_WrReg_0x06)
    Sci_Deal_WrRegs_0x10                     0x0800df83   Thumb Code   604  sci_upper.o(i.Sci_Deal_WrRegs_0x10)
    Sci_WrReg_0x06_BMS_FunctionOFF           0x0800e1e1   Thumb Code    82  sci_upper.o(i.Sci_WrReg_0x06_BMS_FunctionOFF)
    Sci_WrReg_0x06_BMS_FunctionON            0x0800e239   Thumb Code   340  sci_upper.o(i.Sci_WrReg_0x06_BMS_FunctionON)
    Sci_WrReg_0x06_Reset_AFE_Parameters      0x0800e3a1   Thumb Code    40  sh367309_datadeal.o(i.Sci_WrReg_0x06_Reset_AFE_Parameters)
    Sci_WrReg_0x06_Reset_CalibCoef           0x0800e3cd   Thumb Code   432  sci_upper.o(i.Sci_WrReg_0x06_Reset_CalibCoef)
    Sci_WrReg_0x06_Reset_EventRecord         0x0800e585   Thumb Code    66  logrecord.o(i.Sci_WrReg_0x06_Reset_EventRecord)
    Sci_WrReg_0x06_Reset_HeatCool            0x0800e5d5   Thumb Code    74  sci_upper.o(i.Sci_WrReg_0x06_Reset_HeatCool)
    Sci_WrReg_0x06_Reset_OtherCanAdd         0x0800e62d   Thumb Code   128  sci_upper.o(i.Sci_WrReg_0x06_Reset_OtherCanAdd)
    Sci_WrReg_0x06_Reset_ProtectElement      0x0800e6c9   Thumb Code    92  sci_upper.o(i.Sci_WrReg_0x06_Reset_ProtectElement)
    Sci_WrReg_0x06_Reset_ProtectRecord       0x0800e739   Thumb Code    88  sci_upper.o(i.Sci_WrReg_0x06_Reset_ProtectRecord)
    Sci_WrReg_0x06_SetSocOnce                0x0800e7b5   Thumb Code    38  sci_upper.o(i.Sci_WrReg_0x06_SetSocOnce)
    Sci_WrReg_0x06_SwitchOFF                 0x0800e7e1   Thumb Code    28  sci_upper.o(i.Sci_WrReg_0x06_SwitchOFF)
    Sci_WrReg_0x06_SwitchON                  0x0800e7fd   Thumb Code    28  sci_upper.o(i.Sci_WrReg_0x06_SwitchON)
    Sci_WrRegs_0x10_AFE_Parameters           0x0800e819   Thumb Code   164  sh367309_datadeal.o(i.Sci_WrRegs_0x10_AFE_Parameters)
    Sci_WrRegs_0x10_Balance                  0x0800e8c5   Thumb Code   148  sci_upper.o(i.Sci_WrRegs_0x10_Balance)
    Sci_WrRegs_0x10_CalibCoef                0x0800e961   Thumb Code   160  sci_upper.o(i.Sci_WrRegs_0x10_CalibCoef)
    Sci_WrRegs_0x10_CopperLoss               0x0800ea15   Thumb Code   106  sci_upper.o(i.Sci_WrRegs_0x10_CopperLoss)
    Sci_WrRegs_0x10_FlashConnect             0x0800ea8d   Thumb Code    58  sci_upper.o(i.Sci_WrRegs_0x10_FlashConnect)
    Sci_WrRegs_0x10_HeatCoolElement          0x0800ead1   Thumb Code    78  sci_upper.o(i.Sci_WrRegs_0x10_HeatCoolElement)
    Sci_WrRegs_0x10_Protect                  0x0800eb29   Thumb Code   144  sci_upper.o(i.Sci_WrRegs_0x10_Protect)
    Sci_WrRegs_0x10_RTC                      0x0800ebc9   Thumb Code    74  sci_upper.o(i.Sci_WrRegs_0x10_RTC)
    Sci_WrRegs_0x10_SN_Version               0x0800ec1d   Thumb Code   216  sci_upper.o(i.Sci_WrRegs_0x10_SN_Version)
    Sci_WrRegs_0x10_SleepElement             0x0800ecf9   Thumb Code   156  sci_upper.o(i.Sci_WrRegs_0x10_SleepElement)
    Sci_WrRegs_0x10_SocElement               0x0800ed9d   Thumb Code   124  sci_upper.o(i.Sci_WrRegs_0x10_SocElement)
    Sci_WrRegs_0x10_SocTable                 0x0800ee25   Thumb Code    78  sci_upper.o(i.Sci_WrRegs_0x10_SocTable)
    Sci_WrRegs_0x10_SysOther                 0x0800ee7d   Thumb Code   150  sci_upper.o(i.Sci_WrRegs_0x10_SysOther)
    Sci_WrRegs_0x10_SystemElement            0x0800ef1d   Thumb Code   154  sci_upper.o(i.Sci_WrRegs_0x10_SystemElement)
    Seccond_Cal                              0x0800efcd   Thumb Code   148  rtc.o(i.Seccond_Cal)
    SleepCtrl                                0x0800f161   Thumb Code   214  sleepfunction.o(i.SleepCtrl)
    SleepDeal_CBC                            0x0800f241   Thumb Code   102  sleepfunction.o(i.SleepDeal_CBC)
    SleepDeal_Continue                       0x0800f2bd   Thumb Code   332  sleepfunction.o(i.SleepDeal_Continue)
    SleepDeal_Forced_L1                      0x0800f415   Thumb Code   124  sleepfunction.o(i.SleepDeal_Forced_L1)
    SleepDeal_Forced_L2                      0x0800f4a5   Thumb Code   124  sleepfunction.o(i.SleepDeal_Forced_L2)
    SleepDeal_Forced_L3                      0x0800f535   Thumb Code   124  sleepfunction.o(i.SleepDeal_Forced_L3)
    SleepDeal_Normal_L1                      0x0800f5c5   Thumb Code   432  sleepfunction.o(i.SleepDeal_Normal_L1)
    SleepDeal_Normal_L2                      0x0800f7a1   Thumb Code   392  sleepfunction.o(i.SleepDeal_Normal_L2)
    SleepDeal_Normal_L3                      0x0800f949   Thumb Code   360  sleepfunction.o(i.SleepDeal_Normal_L3)
    SleepDeal_Normal_Select                  0x0800facd   Thumb Code   192  sleepfunction.o(i.SleepDeal_Normal_Select)
    SleepDeal_OverCurrent                    0x0800fb95   Thumb Code   102  sleepfunction.o(i.SleepDeal_OverCurrent)
    SleepDeal_Shift                          0x0800fc11   Thumb Code   188  sleepfunction.o(i.SleepDeal_Shift)
    SleepDeal_Test                           0x0800fcd5   Thumb Code    50  sleepfunction.o(i.SleepDeal_Test)
    SleepDeal_VcellOVP                       0x0800fd15   Thumb Code     2  sleepfunction.o(i.SleepDeal_VcellOVP)
    SleepDeal_VcellUVP                       0x0800fd19   Thumb Code   102  sleepfunction.o(i.SleepDeal_VcellUVP)
    SleepDeal_Vdelta                         0x0800fd95   Thumb Code     2  sleepfunction.o(i.SleepDeal_Vdelta)
    SysTick_Handler                          0x0800fd97   Thumb Code     2  stm32f10x_it.o(i.SysTick_Handler)
    Sys_FindProtectFilterMax                 0x0800fd99   Thumb Code    76  system_monitor.o(i.Sys_FindProtectFilterMax)
    Sys_StopMode                             0x0800fded   Thumb Code    66  sleepfunction.o(i.Sys_StopMode)
    SystemInit                               0x0800fe31   Thumb Code    76  system_stm32f10x.o(i.SystemInit)
    SystemMonitorResetData_EEPROM            0x0800fe91   Thumb Code   132  system_monitor.o(i.SystemMonitorResetData_EEPROM)
    System_ERROR_UserCallback                0x0800ff19   Thumb Code   760  system_monitor.o(i.System_ERROR_UserCallback)
    System_FUNC_StartUp                      0x08010215   Thumb Code   526  system_monitor.o(i.System_FUNC_StartUp)
    TIM3_IRQHandler                          0x08010441   Thumb Code   120  system_init.o(i.TIM3_IRQHandler)
    TIM_ClearITPendingBit                    0x080104d1   Thumb Code     6  stm32f10x_tim.o(i.TIM_ClearITPendingBit)
    TIM_Cmd                                  0x080104d7   Thumb Code    24  stm32f10x_tim.o(i.TIM_Cmd)
    TIM_GetITStatus                          0x080104ef   Thumb Code    34  stm32f10x_tim.o(i.TIM_GetITStatus)
    TIM_ITConfig                             0x08010511   Thumb Code    18  stm32f10x_tim.o(i.TIM_ITConfig)
    TIM_OC2Init                              0x08010525   Thumb Code   154  stm32f10x_tim.o(i.TIM_OC2Init)
    TIM_TimeBaseInit                         0x080105c9   Thumb Code   122  stm32f10x_tim.o(i.TIM_TimeBaseInit)
    TemperatureCheck                         0x0801066d   Thumb Code   102  sh367309_func.o(i.TemperatureCheck)
    TwiChkClkRelease                         0x080106dd   Thumb Code    96  i2c_afe1.o(i.TwiChkClkRelease)
    TwiGetData                               0x08010745   Thumb Code   152  i2c_afe1.o(i.TwiGetData)
    TwiReStart                               0x080107e9   Thumb Code    38  i2c_afe1.o(i.TwiReStart)
    TwiRead                                  0x08010819   Thumb Code   206  i2c_afe1.o(i.TwiRead)
    TwiSendData                              0x080108e9   Thumb Code   258  i2c_afe1.o(i.TwiSendData)
    TwiStart                                 0x080109f9   Thumb Code    76  i2c_afe1.o(i.TwiStart)
    TwiStop                                  0x08010a51   Thumb Code   100  i2c_afe1.o(i.TwiStop)
    TwiWrite                                 0x08010ac1   Thumb Code   140  i2c_afe1.o(i.TwiWrite)
    U16_SwapEndian                           0x08010b4d   Thumb Code    12  pubfunc.o(i.U16_SwapEndian)
    USART1_IRQHandler                        0x08010b59   Thumb Code    36  stm32f10x_it.o(i.USART1_IRQHandler)
    USART2_IRQHandler                        0x08010b89   Thumb Code    36  stm32f10x_it.o(i.USART2_IRQHandler)
    USART3_IRQHandler                        0x08010bb9   Thumb Code    26  stm32f10x_it.o(i.USART3_IRQHandler)
    USART_Cmd                                0x08010bdd   Thumb Code    24  stm32f10x_usart.o(i.USART_Cmd)
    USART_GetITStatus                        0x08010bf5   Thumb Code    84  stm32f10x_usart.o(i.USART_GetITStatus)
    USART_ITConfig                           0x08010c49   Thumb Code    74  stm32f10x_usart.o(i.USART_ITConfig)
    USART_Init                               0x08010c95   Thumb Code   210  stm32f10x_usart.o(i.USART_Init)
    USB_LP_CAN1_RX0_IRQHandler               0x08010d6d   Thumb Code    48  can_hdx.o(i.USB_LP_CAN1_RX0_IRQHandler)
    UpdateVoltageFromBqMaximo                0x08010da9   Thumb Code   304  i2c_afe1.o(i.UpdateVoltageFromBqMaximo)
    UsageFault_Handler                       0x08010eed   Thumb Code     4  stm32f10x_it.o(i.UsageFault_Handler)
    WriteEEPROM_Byte                         0x08010ef1   Thumb Code   122  eeprom.o(i.WriteEEPROM_Byte)
    WriteEEPROM_ByteData_Circle              0x08010f71   Thumb Code   710  eeprom.o(i.WriteEEPROM_ByteData_Circle)
    WriteEEPROM_Word_NoZone                  0x0801128d   Thumb Code   102  eeprom.o(i.WriteEEPROM_Word_NoZone)
    WriteEEPROM_Word_WithZone                0x080112f3   Thumb Code    62  eeprom.o(i.WriteEEPROM_Word_WithZone)
    WriteProID                               0x08011331   Thumb Code   206  productionid.o(i.WriteProID)
    WriteProID_Default                       0x08011405   Thumb Code    98  productionid.o(i.WriteProID_Default)
    Write_Parameters                         0x08011491   Thumb Code    62  sh367309_datadeal.o(i.Write_Parameters)
    __delay_ms                               0x080114d5   Thumb Code    72  system_init.o(i.__delay_ms)
    __delay_us                               0x08011521   Thumb Code    72  system_init.o(i.__delay_us)
    __scatterload_copy                       0x0801156d   Thumb Code    14  handlers.o(i.__scatterload_copy)
    __scatterload_null                       0x0801157b   Thumb Code     2  handlers.o(i.__scatterload_null)
    __scatterload_zeroinit                   0x0801157d   Thumb Code    14  handlers.o(i.__scatterload_zeroinit)
    main                                     0x0801158b   Thumb Code    76  main.o(i.main)
    iSheldTemp_10K                           0x080115d6   Data         112  adc.o(.constdata)
    iSheldTemp_10K_AFE                       0x08011c78   Data         112  i2c_afe1.o(.constdata)
    CRC8Table                                0x08011ce8   Data         256  i2c_afe1.o(.constdata)
    SeriesSelect_AFE1                        0x08011de8   Data         256  main.o(.constdata)
    SOC_Table_Default                        0x08011fdc   Data          84  soc.o(.constdata)
    AFE_OCD1V_OCCV                           0x08012030   Data          32  sh367309_datadeal.o(.constdata)
    AFE_SCV                                  0x08012050   Data          32  sh367309_datadeal.o(.constdata)
    AFE_OVT_UVT                              0x08012070   Data          32  sh367309_datadeal.o(.constdata)
    AFE_SCT                                  0x08012090   Data          32  sh367309_datadeal.o(.constdata)
    AFE_OCD1T                                0x080120b0   Data          32  sh367309_datadeal.o(.constdata)
    AFE_OCCT_OCD2T                           0x080120d0   Data          32  sh367309_datadeal.o(.constdata)
    SOC_Table_LiFePO                         0x080120f0   Data          84  socenhance.o(.constdata)
    SocTable_TernaryLi                       0x08012144   Data          84  socenhance.o(.constdata)
    SocTable_LiFePO2                         0x08012198   Data          84  socenhance.o(.constdata)
    Region$$Table$$Base                      0x080121ec   Number         0  anon$$obj.o(Region$$Table)
    Region$$Table$$Limit                     0x0801220c   Number         0  anon$$obj.o(Region$$Table)
    u8IICFaultcnt1                           0x20000000   Data           1  datadeal.o(.data)
    u8WakeCnt1                               0x20000001   Data           1  datadeal.o(.data)
    u8IICFaultcnt2                           0x20000002   Data           1  datadeal.o(.data)
    u8WakeCnt2                               0x20000003   Data           1  datadeal.o(.data)
    g_u32CS_Res_AFE                          0x20000004   Data           4  datadeal.o(.data)
    u32_ChgCur_mA                            0x20000008   Data           4  datadeal.o(.data)
    u32_DsgCur_mA                            0x2000000c   Data           4  datadeal.o(.data)
    u32E2P_Pro_VolCur_WriteFlag              0x2000002c   Data           4  eeprom.o(.data)
    u32E2P_Pro_Temp_WriteFlag                0x20000030   Data           4  eeprom.o(.data)
    u32E2P_Pro_Other_WriteFlag               0x20000034   Data           4  eeprom.o(.data)
    u32E2P_RTC_Element_WriteFlag             0x20000038   Data           4  eeprom.o(.data)
    u32E2P_OtherElement1_WriteFlag           0x2000003c   Data           4  eeprom.o(.data)
    u32E2P_HeatCool_WriteFlag                0x20000040   Data           4  eeprom.o(.data)
    u8E2P_SocTable_WriteFlag                 0x20000044   Data           1  eeprom.o(.data)
    u8E2P_CopperLoss_WriteFlag               0x20000045   Data           1  eeprom.o(.data)
    u8E2P_KB_WriteFlag                       0x20000046   Data           1  eeprom.o(.data)
    u8E2P_KB_WritePos                        0x20000047   Data           1  eeprom.o(.data)
    Fault_Flag_Fisrt                         0x20000048   Data           2  fault.o(.data)
    Fault_Flag_Second                        0x2000004a   Data           2  fault.o(.data)
    Fault_Flag_Third                         0x2000004c   Data           2  fault.o(.data)
    FaultPoint_First                         0x2000004e   Data           1  fault.o(.data)
    FaultPoint_Second                        0x2000004f   Data           1  fault.o(.data)
    FaultPoint_Third                         0x20000050   Data           1  fault.o(.data)
    FaultPoint_First2                        0x20000051   Data           1  fault.o(.data)
    FaultPoint_Second2                       0x20000052   Data           1  fault.o(.data)
    FaultPoint_Third2                        0x20000053   Data           1  fault.o(.data)
    FaultCnt_StartUp_First                   0x20000054   Data           2  fault.o(.data)
    FaultCnt_StartUp_Second                  0x20000056   Data           2  fault.o(.data)
    FaultCnt_StartUp_Third                   0x20000058   Data           2  fault.o(.data)
    HeatCtrl_Command                         0x200000aa   Data           1  heat_cool.o(.data)
    CoolCtrl_Command                         0x200000ab   Data           1  heat_cool.o(.data)
    Heat_Cool_FaultFlag                      0x200000ac   Data           2  heat_cool.o(.data)
    SeriesNum                                0x200000b4   Data           1  main.o(.data)
    TimeDisplay                              0x200000b8   Data           1  rtc.o(.data)
    Systmtime                                0x200000ba   Data          24  rtc.o(.data)
    month_days                               0x200000d2   Data          12  rtc.o(.data)
    gu16_CommuErrCnt_SCI1                    0x200000e0   Data           2  sci_upper.o(.data)
    gu8_TxEnable_SCI1                        0x200000e2   Data           1  sci_upper.o(.data)
    gu8_TxFinishFlag_SCI1                    0x200000e3   Data           1  sci_upper.o(.data)
    gu16_CommuErrCnt_SCI2                    0x200000e4   Data           2  sci_upper.o(.data)
    gu8_TxEnable_SCI2                        0x200000e6   Data           1  sci_upper.o(.data)
    gu8_TxFinishFlag_SCI2                    0x200000e7   Data           1  sci_upper.o(.data)
    gu16_CommuErrCnt_SCI3                    0x200000e8   Data           2  sci_upper.o(.data)
    gu8_TxEnable_SCI3                        0x200000ea   Data           1  sci_upper.o(.data)
    gu8_TxFinishFlag_SCI3                    0x200000eb   Data           1  sci_upper.o(.data)
    u8FlashUpdateFlag                        0x200000ec   Data           1  sci_upper.o(.data)
    u8FlashUpdateE2PROM                      0x200000ed   Data           1  sci_upper.o(.data)
    RTC_ExtComCnt                            0x200000f8   Data           1  sleepdeal.o(.data)
    g_st_SysTimeFlag                         0x200000fe   Data           2  system_init.o(.data)
    CBC_Element                              0x20000100   Data           4  system_init.o(.data)
    g_u81msCnt                               0x20000104   Data           1  system_init.o(.data)
    g_u810msClockCnt                         0x20000105   Data           1  system_init.o(.data)
    g_u81msClockCnt                          0x20000106   Data           1  system_init.o(.data)
    gu8_200msCnt                             0x20000107   Data           1  system_init.o(.data)
    gu8_200msAccClock_Flag                   0x20000108   Data           1  system_init.o(.data)
    System_OnOFF_Func                        0x20000118   Data           4  system_monitor.o(.data)
    System_OnOFF_Func_StartUpRec             0x2000011c   Data           4  system_monitor.o(.data)
    SystemStatus                             0x20000120   Data           4  system_monitor.o(.data)
    System_Func_StartUp                      0x20000124   Data           4  system_monitor.o(.data)
    Can_Status_Flag                          0x2000013c   Data           1  can_hdx.o(.data)
    CanTxType_Flag                           0x20000140   Data           4  can_hdx.o(.data)
    g_u16BusOff_InitTestCnt                  0x20000144   Data           2  can_hdx.o(.data)
    g_u16BusOff_RecoverCnt                   0x20000146   Data           2  can_hdx.o(.data)
    g_enBalanceState                         0x2000014a   Data           1  cell_balance.o(.data)
    CellBalFlag_AFE1                         0x2000014c   Data           2  cell_balance.o(.data)
    g_u8CBnMonitor                           0x2000014e   Data           1  cell_balance.o(.data)
    g_u8CBn_StatusFlag                       0x2000014f   Data           1  cell_balance.o(.data)
    gu8_DriverStartUpFlag                    0x20000164   Data           1  sh367309_func.o(.data)
    iSheldTemp_10K_NTC                       0x20000166   Data         282  sh367309_func.o(.data)
    ucMTPBuffer                              0x20000280   Data          26  sh367309_func.o(.data)
    aaaaaa1                                  0x2000029a   Data           2  sh367309_func.o(.data)
    aaaaaa2                                  0x2000029c   Data           2  sh367309_func.o(.data)
    aaaaaa3                                  0x2000029e   Data           2  sh367309_func.o(.data)
    aaaaaa4                                  0x200002a0   Data           2  sh367309_func.o(.data)
    aaa11                                    0x200002a2   Data           1  sh367309_func.o(.data)
    ChargerLoad_Func                         0x200002c8   Data           2  chargerloadfunc.o(.data)
    AFE_PARAM_WRITE_Flag                     0x200002d0   Data           4  sh367309_datadeal.o(.data)
    AFE_ResetFlag                            0x200002d4   Data           4  sh367309_datadeal.o(.data)
    AFE_Parameters_RS485_Struction           0x200002d8   Data         192  sh367309_datadeal.o(.data)
    BMS_LOG_POINT                            0x200003ac   Data           1  logrecord.o(.data)
    LogRecord_Flag                           0x200003ad   Data           1  logrecord.o(.data)
    gu8_Reset_EventRecord                    0x200003ae   Data           1  logrecord.o(.data)
    SystemCoreClock                          0x200003b4   Data           4  system_stm32f10x.o(.data)
    AHBPrescTable                            0x200003b8   Data          16  system_stm32f10x.o(.data)
    SOC_Cali_Flag                            0x200003dc   Data           1  socenhance.o(.data)
    CapFull_Cali_Flag                        0x200003dd   Data           1  socenhance.o(.data)
    ChgValue                                 0x200003de   Data           2  socenhance.o(.data)
    DsgValue                                 0x200003e0   Data           2  socenhance.o(.data)
    Sleep_Status                             0x2000042c   Data           1  sleepfunction.o(.data)
    gu8_SleepHiccup                          0x2000042d   Data           1  sleepfunction.o(.data)
    aaaa1                                    0x2000042e   Data           2  sleepfunction.o(.data)
    aaaa2                                    0x20000430   Data           2  sleepfunction.o(.data)
    aaaa3                                    0x20000432   Data           2  sleepfunction.o(.data)
    aaaa4                                    0x20000434   Data           2  sleepfunction.o(.data)
    g_u16ADCValFilter                        0x200004ac   Data          22  adc.o(.bss)
    g_u32ADCValFilter2                       0x200004c4   Data          44  adc.o(.bss)
    g_i32ADCResult                           0x200004f0   Data          44  adc.o(.bss)
    g_u16CalibCoefK                          0x2000051c   Data          94  datadeal.o(.bss)
    g_i16CalibCoefB                          0x2000057a   Data          94  datadeal.o(.bss)
    CopperLoss                               0x200005d8   Data          32  datadeal.o(.bss)
    CopperLoss_Num                           0x200005f8   Data          32  datadeal.o(.bss)
    OtherElement                             0x20000618   Data          64  datadeal.o(.bss)
    PRT_E2ROMParas                           0x20000658   Data         130  fault.o(.bss)
    Fault_record_First                       0x200006da   Data          20  fault.o(.bss)
    Fault_record_Second                      0x200006ee   Data          20  fault.o(.bss)
    Fault_record_Third                       0x20000702   Data          20  fault.o(.bss)
    RTC_Fault_record_Third                   0x20000716   Data         120  fault.o(.bss)
    Fault_record_First2                      0x2000078e   Data          20  fault.o(.bss)
    Fault_record_Second2                     0x200007a2   Data          20  fault.o(.bss)
    Fault_record_Third2                      0x200007b6   Data          20  fault.o(.bss)
    Heat_Cool_Element                        0x200007ca   Data          48  heat_cool.o(.bss)
    Registers_AFE1                           0x200007fc   Data          42  i2c_afe1.o(.bss)
    SH367309_Read_AFE1                       0x20000828   Data          48  i2c_afe1.o(.bss)
    RTC_time                                 0x20000858   Data          24  rtc.o(.bss)
    g_stCurrentMsgPtr_SCI1                   0x20000870   Data         262  sci_upper.o(.bss)
    g_stCurrentMsgPtr_SCI2                   0x20000976   Data         262  sci_upper.o(.bss)
    g_stCurrentMsgPtr_SCI3                   0x20000a7c   Data         262  sci_upper.o(.bss)
    g_u8SCITxBuff                            0x20000b82   Data         251  sci_upper.o(.bss)
    g_stCellInfoReport                       0x20000c7e   Data         126  sci_upper.o(.bss)
    SOC_Table_Set                            0x20000cfc   Data          84  soc.o(.bss)
    System_ErrFlag                           0x20000d50   Data          24  system_monitor.o(.bss)
    ProductionInfor                          0x20000d68   Data         112  productionid.o(.bss)
    TxMessage                                0x20000dd8   Data          20  can_hdx.o(.bss)
    RxMessage                                0x20000dec   Data          20  can_hdx.o(.bss)
    g_enCellBalanceStatus                    0x20000e00   Data          16  cell_balance.o(.bss)
    g_u8CellBalanceFilterCnt                 0x20000e10   Data          16  cell_balance.o(.bss)
    SH367309_Reg_Store                       0x20000e20   Data          12  sh367309_func.o(.bss)
    AFE_ROM_PARAMETERS_Struction             0x20000e2c   Data          26  sh367309_datadeal.o(.bss)
    BMS_LOG_RECORD                           0x20000e46   Data         200  logrecord.o(.bss)
    SOC_Enhance_Element                      0x20000f24   Data         162  socenhance.o(.bss)
    SOC_Calculate_Element                    0x20000fc8   Data          40  socenhance.o(.bss)
    SOC_E2prom_Par                           0x20000ff0   Data          32  socenhance.o(.bss)
    SOC_E2prom_Adress                        0x20001010   Data          32  socenhance.o(.bss)
    SleepElement                             0x20001030   Data          42  sleepfunction.o(.bss)
    __initial_sp                             0x20001c60   Data           0  startup_stm32f10x_hd.o(STACK)



==============================================================================

Memory Map of the image

  Image Entry point : 0x08004931

  Load Region LR_IROM1 (Base: 0x08004800, Size: 0x0000deb8, Max: 0x0003b000, ABSOLUTE, COMPRESSED[0x0000dbe4])

    Execution Region ER_IROM1 (Exec base: 0x08004800, Load base: 0x08004800, Size: 0x0000da0c, Max: 0x0003b000, ABSOLUTE)

    Exec Addr    Load Addr    Size         Type   Attr      Idx    E Section Name        Object

    0x08004800   0x08004800   0x00000130   Data   RO         2783    RESET               startup_stm32f10x_hd.o
    0x08004930   0x08004930   0x00000000   Code   RO         6354  * .ARM.Collect$$$$00000000  mc_w.l(entry.o)
    0x08004930   0x08004930   0x00000004   Code   RO         6363    .ARM.Collect$$$$00000001  mc_w.l(entry2.o)
    0x08004934   0x08004934   0x00000004   Code   RO         6366    .ARM.Collect$$$$00000004  mc_w.l(entry5.o)
    0x08004938   0x08004938   0x00000000   Code   RO         6368    .ARM.Collect$$$$00000008  mc_w.l(entry7b.o)
    0x08004938   0x08004938   0x00000000   Code   RO         6370    .ARM.Collect$$$$0000000A  mc_w.l(entry8b.o)
    0x08004938   0x08004938   0x00000008   Code   RO         6371    .ARM.Collect$$$$0000000B  mc_w.l(entry9a.o)
    0x08004940   0x08004940   0x00000004   Code   RO         6378    .ARM.Collect$$$$0000000E  mc_w.l(entry12b.o)
    0x08004944   0x08004944   0x00000000   Code   RO         6373    .ARM.Collect$$$$0000000F  mc_w.l(entry10a.o)
    0x08004944   0x08004944   0x00000000   Code   RO         6375    .ARM.Collect$$$$00000011  mc_w.l(entry11a.o)
    0x08004944   0x08004944   0x00000004   Code   RO         6364    .ARM.Collect$$$$00002712  mc_w.l(entry2.o)
    0x08004948   0x08004948   0x00000002   Code   RO         2788    .emb_text           stm32f10x_it.o
    0x0800494a   0x0800494a   0x00000002   PAD
    0x0800494c   0x0800494c   0x00000024   Code   RO         2784    .text               startup_stm32f10x_hd.o
    0x08004970   0x08004970   0x00000024   Code   RO         6357    .text               mc_w.l(memcpya.o)
    0x08004994   0x08004994   0x00000024   Code   RO         6359    .text               mc_w.l(memseta.o)
    0x080049b8   0x080049b8   0x00000024   Code   RO         6379    .text               mc_w.l(init.o)
    0x080049dc   0x080049dc   0x00000056   Code   RO         6389    .text               mc_w.l(__dczerorl2.o)
    0x08004a32   0x08004a32   0x00000016   Code   RO         2964    i.ADC_Cmd           stm32f10x_adc.o
    0x08004a48   0x08004a48   0x00000016   Code   RO         2965    i.ADC_DMACmd        stm32f10x_adc.o
    0x08004a5e   0x08004a5e   0x00000002   PAD
    0x08004a60   0x08004a60   0x0000005c   Code   RO         2966    i.ADC_DeInit        stm32f10x_adc.o
    0x08004abc   0x08004abc   0x00000016   Code   RO         2969    i.ADC_ExternalTrigConvCmd  stm32f10x_adc.o
    0x08004ad2   0x08004ad2   0x00000014   Code   RO         2972    i.ADC_GetCalibrationStatus  stm32f10x_adc.o
    0x08004ae6   0x08004ae6   0x00000014   Code   RO         2978    i.ADC_GetResetCalibrationStatus  stm32f10x_adc.o
    0x08004afa   0x08004afa   0x00000002   PAD
    0x08004afc   0x08004afc   0x00000050   Code   RO         2982    i.ADC_Init          stm32f10x_adc.o
    0x08004b4c   0x08004b4c   0x000000b8   Code   RO         2986    i.ADC_RegularChannelConfig  stm32f10x_adc.o
    0x08004c04   0x08004c04   0x0000000a   Code   RO         2987    i.ADC_ResetCalibration  stm32f10x_adc.o
    0x08004c0e   0x08004c0e   0x0000000a   Code   RO         2991    i.ADC_StartCalibration  stm32f10x_adc.o
    0x08004c18   0x08004c18   0x00000012   Code   RO         2992    i.ADC_StructInit    stm32f10x_adc.o
    0x08004c2a   0x08004c2a   0x00000002   PAD
    0x08004c2c   0x08004c2c   0x000000b4   Code   RO            2    i.ADC_TTC           adc.o
    0x08004ce0   0x08004ce0   0x00000020   Code   RO         2431    i.AFE_IDLE          sh367309_func.o
    0x08004d00   0x08004d00   0x00000046   Code   RO         2433    i.AFE_IsReady       sh367309_func.o
    0x08004d46   0x08004d46   0x0000002e   Code   RO         2434    i.AFE_Reset         sh367309_func.o
    0x08004d74   0x08004d74   0x00000020   Code   RO         2436    i.AFE_Sleep         sh367309_func.o
    0x08004d94   0x08004d94   0x000000b0   Code   RO          270    i.App_AFEGet        datadeal.o
    0x08004e44   0x08004e44   0x00000020   Code   RO            4    i.App_AnlogCal      adc.o
    0x08004e64   0x08004e64   0x00000028   Code   RO         2141    i.App_Can           can_hdx.o
    0x08004e8c   0x08004e8c   0x00000078   Code   RO         2355    i.App_CellBalance   cell_balance.o
    0x08004f04   0x08004f04   0x00000018   Code   RO         1388    i.App_CommonUpper   sci_upper.o
    0x08004f1c   0x08004f1c   0x00000100   Code   RO         1389    i.App_CommonUpperSCI1  sci_upper.o
    0x0800501c   0x0800501c   0x00000100   Code   RO         1390    i.App_CommonUpperSCI2  sci_upper.o
    0x0800511c   0x0800511c   0x00000014   Code   RO         2438    i.App_DI1_Switch    sh367309_func.o
    0x08005130   0x08005130   0x00000070   Code   RO          347    i.App_E2promDeal    eeprom.o
    0x080051a0   0x080051a0   0x00000044   Code   RO          782    i.App_FlashUpdate   flash.o
    0x080051e4   0x080051e4   0x00000064   Code   RO         2060    i.App_LightBar      led_buzzer.o
    0x08005248   0x08005248   0x00000198   Code   RO         2709    i.App_LogRecord     logrecord.o
    0x080053e0   0x080053e0   0x000000d8   Code   RO          538    i.App_MosOtp_SecondCheck  fault.o
    0x080054b8   0x080054b8   0x000000d8   Code   RO          539    i.App_MosOtp_ThirdCheck  fault.o
    0x08005590   0x08005590   0x00000030   Code   RO         2104    i.App_ProID_Deal    productionid.o
    0x080055c0   0x080055c0   0x0000009a   Code   RO         1212    i.App_PubOPUPChk    pubfunc.o
    0x0800565a   0x0800565a   0x00000018   Code   RO         2439    i.App_SH367309      sh367309_func.o
    0x08005672   0x08005672   0x00000002   PAD
    0x08005674   0x08005674   0x00000168   Code   RO         2440    i.App_SH367309_Monitor  sh367309_func.o
    0x080057dc   0x080057dc   0x000001c0   Code   RO         2628    i.App_SH367309_Supplement  sh367309_datadeal.o
    0x0800599c   0x0800599c   0x00000050   Code   RO         1811    i.App_SOC           soc.o
    0x080059ec   0x080059ec   0x00000010   Code   RO         1163    i.App_Sci           main.o
    0x080059fc   0x080059fc   0x00000064   Code   RO         1700    i.App_SleepDeal     sleepdeal.o
    0x08005a60   0x08005a60   0x00000318   Code   RO         1848    i.App_SysTime       system_init.o
    0x08005d78   0x08005d78   0x00000002   Code   RO         1108    i.App_USART_LCD     lcd.o
    0x08005d7a   0x08005d7a   0x00000002   Code   RO         1963    i.App_UartClient_Updata  uart_client.o
    0x08005d7c   0x08005d7c   0x0000000c   Code   RO          543    i.App_WarnCtrl      fault.o
    0x08005d88   0x08005d88   0x00000010   Code   RO         3182    i.BKP_DeInit        stm32f10x_bkp.o
    0x08005d98   0x08005d98   0x0000001c   Code   RO         3187    i.BKP_ReadBackupRegister  stm32f10x_bkp.o
    0x08005db4   0x08005db4   0x0000001c   Code   RO         3191    i.BKP_WriteBackupRegister  stm32f10x_bkp.o
    0x08005dd0   0x08005dd0   0x00000004   Code   RO         2789    i.BusFault_Handler  stm32f10x_it.o
    0x08005dd4   0x08005dd4   0x00000038   Code   RO         3262    i.CAN_DeInit        stm32f10x_can.o
    0x08005e0c   0x08005e0c   0x00000108   Code   RO         3264    i.CAN_FilterInit    stm32f10x_can.o
    0x08005f14   0x08005f14   0x00000012   Code   RO         3270    i.CAN_ITConfig      stm32f10x_can.o
    0x08005f26   0x08005f26   0x00000114   Code   RO         3271    i.CAN_Init          stm32f10x_can.o
    0x0800603a   0x0800603a   0x000000f0   Code   RO         3274    i.CAN_Receive       stm32f10x_can.o
    0x0800612a   0x0800612a   0x00000020   Code   RO         3277    i.CAN_StructInit    stm32f10x_can.o
    0x0800614a   0x0800614a   0x00000002   PAD
    0x0800614c   0x0800614c   0x00000094   Code   RO         2143    i.CAN_TX_0x00       can_hdx.o
    0x080061e0   0x080061e0   0x00000060   Code   RO         2144    i.CAN_TX_0x01       can_hdx.o
    0x08006240   0x08006240   0x00000060   Code   RO         2145    i.CAN_TX_0x02       can_hdx.o
    0x080062a0   0x080062a0   0x0000008c   Code   RO         2146    i.CAN_TX_0x03       can_hdx.o
    0x0800632c   0x0800632c   0x00000070   Code   RO         2147    i.CAN_TX_0x04       can_hdx.o
    0x0800639c   0x0800639c   0x00000054   Code   RO         2148    i.CAN_TX_0x05       can_hdx.o
    0x080063f0   0x080063f0   0x0000004c   Code   RO         2149    i.CAN_TX_0x06       can_hdx.o
    0x0800643c   0x0800643c   0x00000058   Code   RO         2150    i.CAN_TX_0x07       can_hdx.o
    0x08006494   0x08006494   0x00000058   Code   RO         2151    i.CAN_TX_0x08       can_hdx.o
    0x080064ec   0x080064ec   0x00000058   Code   RO         2152    i.CAN_TX_0x09       can_hdx.o
    0x08006544   0x08006544   0x00000058   Code   RO         2153    i.CAN_TX_0x0A       can_hdx.o
    0x0800659c   0x0800659c   0x00000058   Code   RO         2154    i.CAN_TX_0x0B       can_hdx.o
    0x080065f4   0x080065f4   0x00000058   Code   RO         2155    i.CAN_TX_0x0C       can_hdx.o
    0x0800664c   0x0800664c   0x00000058   Code   RO         2156    i.CAN_TX_0x0D       can_hdx.o
    0x080066a4   0x080066a4   0x00000058   Code   RO         2157    i.CAN_TX_0x0E       can_hdx.o
    0x080066fc   0x080066fc   0x00000058   Code   RO         2158    i.CAN_TX_0x0F       can_hdx.o
    0x08006754   0x08006754   0x00000058   Code   RO         2159    i.CAN_TX_0x10       can_hdx.o
    0x080067ac   0x080067ac   0x00000054   Code   RO         2160    i.CAN_TX_0x11       can_hdx.o
    0x08006800   0x08006800   0x00000070   Code   RO         2161    i.CAN_TX_Test       can_hdx.o
    0x08006870   0x08006870   0x00000126   Code   RO         3279    i.CAN_Transmit      stm32f10x_can.o
    0x08006996   0x08006996   0x00000002   PAD
    0x08006998   0x08006998   0x000000a0   Code   RO         3280    i.CAN_TransmitStatus  stm32f10x_can.o
    0x08006a38   0x08006a38   0x00000040   Code   RO         2162    i.CAN_Tx_Data       can_hdx.o
    0x08006a78   0x08006a78   0x000000ac   Code   RO         2356    i.CB_AFERegistersCtrl  cell_balance.o
    0x08006b24   0x08006b24   0x000000e4   Code   RO         2357    i.CB_ChangeUpperFlag  cell_balance.o
    0x08006c08   0x08006c08   0x00000140   Code   RO         2358    i.CB_StateCalculate  cell_balance.o
    0x08006d48   0x08006d48   0x00000020   Code   RO          927    i.CRC8cal           i2c_afe1.o
    0x08006d68   0x08006d68   0x0000003c   Code   RO         1391    i.CRC_verify        sci_upper.o
    0x08006da4   0x08006da4   0x00000070   Code   RO         2163    i.Can_BusOFF_FaultChk  can_hdx.o
    0x08006e14   0x08006e14   0x00000044   Code   RO         2164    i.Can_BusOFF_FaultTimeCtrl  can_hdx.o
    0x08006e58   0x08006e58   0x00000010   Code   RO         2165    i.Can_BusOFF_Monitor  can_hdx.o
    0x08006e68   0x08006e68   0x00000084   Code   RO         2166    i.Can_BusOFF_Recover  can_hdx.o
    0x08006eec   0x08006eec   0x0000017c   Code   RO         2167    i.Can_ReceiveDeal   can_hdx.o
    0x08007068   0x08007068   0x0000022c   Code   RO         2168    i.Can_TransmitDeal  can_hdx.o
    0x08007294   0x08007294   0x00000064   Code   RO         2360    i.CellBalance_DataInit  cell_balance.o
    0x080072f8   0x080072f8   0x00000108   Code   RO         2361    i.CellBalance_Monitor  cell_balance.o
    0x08007400   0x08007400   0x00000098   Code   RO         2362    i.CellBalance_StateEvenOn  cell_balance.o
    0x08007498   0x08007498   0x00000088   Code   RO         2363    i.CellBalance_StateOFF  cell_balance.o
    0x08007520   0x08007520   0x00000098   Code   RO         2364    i.CellBalance_StateOddOn  cell_balance.o
    0x080075b8   0x080075b8   0x0000001c   Code   RO         2629    i.Choose_Right_Value  sh367309_datadeal.o
    0x080075d4   0x080075d4   0x0000028c   Code   RO         5889    i.CorrectionTerminal_CC  SocEnhance.lib(socenhance.o)
    0x08007860   0x08007860   0x0000031c   Code   RO         5890    i.CorrectionTerminal_CV  SocEnhance.lib(socenhance.o)
    0x08007b7c   0x08007b7c   0x00000060   Code   RO         5891    i.Correction_Terminal  SocEnhance.lib(socenhance.o)
    0x08007bdc   0x08007bdc   0x00000018   Code   RO         3649    i.DMA_Cmd           stm32f10x_dma.o
    0x08007bf4   0x08007bf4   0x0000014c   Code   RO         3650    i.DMA_DeInit        stm32f10x_dma.o
    0x08007d40   0x08007d40   0x0000003c   Code   RO         3655    i.DMA_Init          stm32f10x_dma.o
    0x08007d7c   0x08007d7c   0x0000001a   Code   RO         3657    i.DMA_StructInit    stm32f10x_dma.o
    0x08007d96   0x08007d96   0x00000002   PAD
    0x08007d98   0x08007d98   0x00000168   Code   RO          271    i.DataLoad_CellVolt  datadeal.o
    0x08007f00   0x08007f00   0x0000009c   Code   RO          272    i.DataLoad_CellVoltMaxMinFind  datadeal.o
    0x08007f9c   0x08007f9c   0x000000dc   Code   RO          274    i.DataLoad_Current  datadeal.o
    0x08008078   0x08008078   0x00000270   Code   RO          275    i.DataLoad_CurrentCali  datadeal.o
    0x080082e8   0x080082e8   0x00000124   Code   RO          276    i.DataLoad_Temperature  datadeal.o
    0x0800840c   0x0800840c   0x00000044   Code   RO          277    i.DataLoad_TemperatureMaxMinFind  datadeal.o
    0x08008450   0x08008450   0x00000002   Code   RO         2790    i.DebugMon_Handler  stm32f10x_it.o
    0x08008452   0x08008452   0x0000002a   Code   RO         1214    i.Delay1ms          pubfunc.o
    0x0800847c   0x0800847c   0x0000001a   Code   RO          928    i.Delay4us          i2c_afe1.o
    0x08008496   0x08008496   0x00000002   PAD
    0x08008498   0x08008498   0x00000040   Code   RO         2630    i.EEPROM_ResetData_AFE_ParametersToDefault  sh367309_datadeal.o
    0x080084d8   0x080084d8   0x00000180   Code   RO          348    i.EEPROM_ResetData_AllToDefault  eeprom.o
    0x08008658   0x08008658   0x00000054   Code   RO         2710    i.EEPROM_ResetData_EventRecord_ToDefault  logrecord.o
    0x080086ac   0x080086ac   0x0000012c   Code   RO          349    i.EEPROM_ResetData_OtherToDefault  eeprom.o
    0x080087d8   0x080087d8   0x00000024   Code   RO         2791    i.EXTI0_IRQHandler  stm32f10x_it.o
    0x080087fc   0x080087fc   0x00000016   Code   RO         2792    i.EXTI15_10_IRQHandler  stm32f10x_it.o
    0x08008812   0x08008812   0x0000004e   Code   RO         2793    i.EXTI9_5_IRQHandler  stm32f10x_it.o
    0x08008860   0x08008860   0x0000000c   Code   RO         3720    i.EXTI_ClearITPendingBit  stm32f10x_exti.o
    0x0800886c   0x0800886c   0x00000028   Code   RO         3724    i.EXTI_GetITStatus  stm32f10x_exti.o
    0x08008894   0x08008894   0x00000094   Code   RO         3725    i.EXTI_Init         stm32f10x_exti.o
    0x08008928   0x08008928   0x00000008   Code   RO         1701    i.EnterSleepJudge   sleepdeal.o
    0x08008930   0x08008930   0x0000000c   Code   RO         3773    i.FLASH_ClearFlag   stm32f10x_flash.o
    0x0800893c   0x0800893c   0x0000004c   Code   RO         3778    i.FLASH_ErasePage   stm32f10x_flash.o
    0x08008988   0x08008988   0x00000034   Code   RO         3779    i.FLASH_GetBank1Status  stm32f10x_flash.o
    0x080089bc   0x080089bc   0x00000014   Code   RO         3788    i.FLASH_Lock        stm32f10x_flash.o
    0x080089d0   0x080089d0   0x00000040   Code   RO         3791    i.FLASH_ProgramHalfWord  stm32f10x_flash.o
    0x08008a10   0x08008a10   0x00000018   Code   RO         3796    i.FLASH_Unlock      stm32f10x_flash.o
    0x08008a28   0x08008a28   0x00000026   Code   RO         3800    i.FLASH_WaitForLastOperation  stm32f10x_flash.o
    0x08008a4e   0x08008a4e   0x00000002   PAD
    0x08008a50   0x08008a50   0x0000010c   Code   RO          544    i.FaultWarnRecord   fault.o
    0x08008b5c   0x08008b5c   0x00000090   Code   RO          545    i.FaultWarnRecord2  fault.o
    0x08008bec   0x08008bec   0x0000031c   Code   RO         2441    i.Fault_ChangeToMCU  sh367309_func.o
    0x08008f08   0x08008f08   0x00000020   Code   RO         2061    i.Flash2            led_buzzer.o
    0x08008f28   0x08008f28   0x00000020   Code   RO         2062    i.Flash3            led_buzzer.o
    0x08008f48   0x08008f48   0x00000006   Code   RO          783    i.FlashReadOneHalfWord  flash.o
    0x08008f4e   0x08008f4e   0x0000002e   Code   RO          785    i.FlashWriteOneHalfWord  flash.o
    0x08008f7c   0x08008f7c   0x00000040   Code   RO         4070    i.GPIO_EXTILineConfig  stm32f10x_gpio.o
    0x08008fbc   0x08008fbc   0x00000116   Code   RO         4073    i.GPIO_Init         stm32f10x_gpio.o
    0x080090d2   0x080090d2   0x00000002   PAD
    0x080090d4   0x080090d4   0x00000090   Code   RO         4075    i.GPIO_PinRemapConfig  stm32f10x_gpio.o
    0x08009164   0x08009164   0x00000004   Code   RO         4080    i.GPIO_ResetBits    stm32f10x_gpio.o
    0x08009168   0x08009168   0x00000004   Code   RO         4081    i.GPIO_SetBits      stm32f10x_gpio.o
    0x0800916c   0x0800916c   0x00000088   Code   RO         1812    i.GetData_SOC       soc.o
    0x080091f4   0x080091f4   0x0000010a   Code   RO         1216    i.GetEndValue       pubfunc.o
    0x080092fe   0x080092fe   0x0000010a   Code   RO         5892    i.GetEndValuee      SocEnhance.lib(socenhance.o)
    0x08009408   0x08009408   0x00000088   Code   RO         5893    i.Get_OpenCircuit_Value  SocEnhance.lib(socenhance.o)
    0x08009490   0x08009490   0x00000008   Code   RO         2794    i.HardFault_Handler  stm32f10x_it.o
    0x08009498   0x08009498   0x00000050   Code   RO          351    i.IIC_Ack_SEE       eeprom.o
    0x080094e8   0x080094e8   0x00000050   Code   RO          352    i.IIC_NAck_SEE      eeprom.o
    0x08009538   0x08009538   0x00000070   Code   RO          353    i.IIC_Read_Byte_SEE  eeprom.o
    0x080095a8   0x080095a8   0x00000074   Code   RO          354    i.IIC_Send_Byte_SEE  eeprom.o
    0x0800961c   0x0800961c   0x0000004c   Code   RO          355    i.IIC_Start_SEE     eeprom.o
    0x08009668   0x08009668   0x00000054   Code   RO          356    i.IIC_Stop_SEE      eeprom.o
    0x080096bc   0x080096bc   0x00000058   Code   RO          357    i.IIC_Wait_Ack_SEE  eeprom.o
    0x08009714   0x08009714   0x00000004   Code   RO         6109    i.IORecover_DeepMode  SleepFunction.lib(sleepfunction.o)
    0x08009718   0x08009718   0x00000004   Code   RO         6110    i.IORecover_NormalMode  SleepFunction.lib(sleepfunction.o)
    0x0800971c   0x0800971c   0x00000004   Code   RO         6111    i.IORecover_RTCMode  SleepFunction.lib(sleepfunction.o)
    0x08009720   0x08009720   0x000001d4   Code   RO         1703    i.IOstatus_Base     sleepdeal.o
    0x080098f4   0x080098f4   0x00000008   Code   RO         1704    i.IOstatus_DeepMode  sleepdeal.o
    0x080098fc   0x080098fc   0x00000022   Code   RO         1705    i.IOstatus_NormalMode  sleepdeal.o
    0x0800991e   0x0800991e   0x00000026   Code   RO         1706    i.IOstatus_RTCMode  sleepdeal.o
    0x08009944   0x08009944   0x00000010   Code   RO         4385    i.IWDG_Enable       stm32f10x_iwdg.o
    0x08009954   0x08009954   0x00000008   Code   RO         1849    i.IWDG_Feed         system_init.o
    0x0800995c   0x0800995c   0x00000010   Code   RO         4387    i.IWDG_ReloadCounter  stm32f10x_iwdg.o
    0x0800996c   0x0800996c   0x0000000c   Code   RO         4388    i.IWDG_SetPrescaler  stm32f10x_iwdg.o
    0x08009978   0x08009978   0x0000000c   Code   RO         4389    i.IWDG_SetReload    stm32f10x_iwdg.o
    0x08009984   0x08009984   0x0000000c   Code   RO         4390    i.IWDG_WriteAccessCmd  stm32f10x_iwdg.o
    0x08009990   0x08009990   0x00000040   Code   RO            5    i.InitADC           adc.o
    0x080099d0   0x080099d0   0x00000098   Code   RO            6    i.InitADC_ADC1      adc.o
    0x08009a68   0x08009a68   0x00000064   Code   RO            7    i.InitADC_DMA       adc.o
    0x08009acc   0x08009acc   0x0000001c   Code   RO            8    i.InitADC_GPIO      adc.o
    0x08009ae8   0x08009ae8   0x00000078   Code   RO            9    i.InitADC_TIMER     adc.o
    0x08009b60   0x08009b60   0x00000060   Code   RO          939    i.InitAFE1          i2c_afe1.o
    0x08009bc0   0x08009bc0   0x0000003c   Code   RO          940    i.InitAFE1_Sleep    i2c_afe1.o
    0x08009bfc   0x08009bfc   0x00000028   Code   RO         2169    i.InitCan           can_hdx.o
    0x08009c24   0x08009c24   0x00000064   Code   RO         2170    i.InitCan_CAN1      can_hdx.o
    0x08009c88   0x08009c88   0x00000040   Code   RO         2171    i.InitCan_Filter    can_hdx.o
    0x08009cc8   0x08009cc8   0x00000048   Code   RO         2172    i.InitCan_GPIO      can_hdx.o
    0x08009d10   0x08009d10   0x0000001e   Code   RO         2173    i.InitCan_NVIC      can_hdx.o
    0x08009d2e   0x08009d2e   0x00000002   PAD
    0x08009d30   0x08009d30   0x00000098   Code   RO          358    i.InitData_E2prom   eeprom.o
    0x08009dc8   0x08009dc8   0x00000074   Code   RO         1813    i.InitData_SOC      soc.o
    0x08009e3c   0x08009e3c   0x00000050   Code   RO         1707    i.InitData_SleepFunc  sleepdeal.o
    0x08009e8c   0x08009e8c   0x00000048   Code   RO         1850    i.InitDelay         system_init.o
    0x08009ed4   0x08009ed4   0x00000040   Code   RO         1164    i.InitDevice        main.o
    0x08009f14   0x08009f14   0x00000060   Code   RO          359    i.InitE2PROM        eeprom.o
    0x08009f74   0x08009f74   0x000000d4   Code   RO         1851    i.InitIO            system_init.o
    0x0800a048   0x0800a048   0x0000000c   Code   RO         1852    i.InitNVIC          system_init.o
    0x0800a054   0x0800a054   0x000000a4   Code   RO         2105    i.InitProID         productionid.o
    0x0800a0f8   0x0800a0f8   0x00000058   Code   RO         1299    i.InitRTC           rtc.o
    0x0800a150   0x0800a150   0x000000c0   Code   RO         1392    i.InitSCI1_CommonUpper  sci_upper.o
    0x0800a210   0x0800a210   0x000000b8   Code   RO         1393    i.InitSCI2_CommonUpper  sci_upper.o
    0x0800a2c8   0x0800a2c8   0x00000088   Code   RO         5894    i.InitSOC_IntEnhance  SocEnhance.lib(socenhance.o)
    0x0800a350   0x0800a350   0x00000010   Code   RO         1165    i.InitSci           main.o
    0x0800a360   0x0800a360   0x0000004c   Code   RO         6112    i.InitSleepFunction  SleepFunction.lib(sleepfunction.o)
    0x0800a3ac   0x0800a3ac   0x000001b4   Code   RO         1920    i.InitSystemMonitorData_EEPROM  system_monitor.o
    0x0800a560   0x0800a560   0x00000044   Code   RO         1166    i.InitSystemWakeUp  main.o
    0x0800a5a4   0x0800a5a4   0x0000007c   Code   RO         1853    i.InitTimer         system_init.o
    0x0800a620   0x0800a620   0x0000000c   Code   RO         1394    i.InitUSART_CommonUpper  sci_upper.o
    0x0800a62c   0x0800a62c   0x00000002   Code   RO         1109    i.InitUSART_LCD     lcd.o
    0x0800a62e   0x0800a62e   0x00000002   Code   RO         1965    i.InitUSART_UartClient  uart_client.o
    0x0800a630   0x0800a630   0x00000124   Code   RO         1167    i.InitVar           main.o
    0x0800a754   0x0800a754   0x000000c0   Code   RO         1708    i.InitWakeUp_Base   sleepdeal.o
    0x0800a814   0x0800a814   0x00000008   Code   RO         1709    i.InitWakeUp_DeepMode  sleepdeal.o
    0x0800a81c   0x0800a81c   0x00000074   Code   RO         1710    i.InitWakeUp_NormalMode  sleepdeal.o
    0x0800a890   0x0800a890   0x0000000c   Code   RO         1711    i.InitWakeUp_RTCMode  sleepdeal.o
    0x0800a89c   0x0800a89c   0x00000044   Code   RO         1854    i.Init_IWDG         system_init.o
    0x0800a8e0   0x0800a8e0   0x0000002c   Code   RO          278    i.Init_Registers    datadeal.o
    0x0800a90c   0x0800a90c   0x00000090   Code   RO         6114    i.IsSleepStartUp    SleepFunction.lib(sleepfunction.o)
    0x0800a99c   0x0800a99c   0x00000070   Code   RO         2063    i.LEDCtrl_SOC       led_buzzer.o
    0x0800aa0c   0x0800aa0c   0x00000060   Code   RO         2064    i.LED_ALM           led_buzzer.o
    0x0800aa6c   0x0800aa6c   0x00000094   Code   RO         2065    i.LED_SOC           led_buzzer.o
    0x0800ab00   0x0800ab00   0x0000009c   Code   RO         2711    i.LogEvent_EEPROM   logrecord.o
    0x0800ab9c   0x0800ab9c   0x000000b4   Code   RO         2712    i.LogEvent_Record   logrecord.o
    0x0800ac50   0x0800ac50   0x0000004c   Code   RO         2713    i.LogTime_Map       logrecord.o
    0x0800ac9c   0x0800ac9c   0x0000003c   Code   RO          941    i.MTPRead           i2c_afe1.o
    0x0800acd8   0x0800acd8   0x00000064   Code   RO          942    i.MTPWrite          i2c_afe1.o
    0x0800ad3c   0x0800ad3c   0x00000064   Code   RO          943    i.MTPWriteROM       i2c_afe1.o
    0x0800ada0   0x0800ada0   0x00000004   Code   RO         2795    i.MemManage_Handler  stm32f10x_it.o
    0x0800ada4   0x0800ada4   0x00000204   Code   RO          279    i.MonitorAFE        datadeal.o
    0x0800afa8   0x0800afa8   0x00000088   Code   RO         1219    i.Monitor_TempBreak  pubfunc.o
    0x0800b030   0x0800b030   0x00000002   Code   RO         2796    i.NMI_Handler       stm32f10x_it.o
    0x0800b032   0x0800b032   0x00000002   PAD
    0x0800b034   0x0800b034   0x00000070   Code   RO         2922    i.NVIC_Init         misc.o
    0x0800b0a4   0x0800b0a4   0x00000014   Code   RO         2923    i.NVIC_PriorityGroupConfig  misc.o
    0x0800b0b8   0x0800b0b8   0x00000024   Code   RO         6115    i.NVIC_SystemReset  SleepFunction.lib(sleepfunction.o)
    0x0800b0dc   0x0800b0dc   0x00000090   Code   RO         2631    i.Ocp_MosJudge      sh367309_datadeal.o
    0x0800b16c   0x0800b16c   0x0000000c   Code   RO         4427    i.PWR_BackupAccessCmd  stm32f10x_pwr.o
    0x0800b178   0x0800b178   0x00000040   Code   RO         4431    i.PWR_EnterSTOPMode  stm32f10x_pwr.o
    0x0800b1b8   0x0800b1b8   0x00000002   Code   RO         2797    i.PendSV_Handler    stm32f10x_it.o
    0x0800b1ba   0x0800b1ba   0x00000002   PAD
    0x0800b1bc   0x0800b1bc   0x00000144   Code   RO          546    i.PwrMag_Protect_Record  fault.o
    0x0800b300   0x0800b300   0x00000018   Code   RO         4487    i.RCC_ADCCLKConfig  stm32f10x_rcc.o
    0x0800b318   0x0800b318   0x00000020   Code   RO         4488    i.RCC_AHBPeriphClockCmd  stm32f10x_rcc.o
    0x0800b338   0x0800b338   0x00000020   Code   RO         4489    i.RCC_APB1PeriphClockCmd  stm32f10x_rcc.o
    0x0800b358   0x0800b358   0x00000020   Code   RO         4490    i.RCC_APB1PeriphResetCmd  stm32f10x_rcc.o
    0x0800b378   0x0800b378   0x00000020   Code   RO         4491    i.RCC_APB2PeriphClockCmd  stm32f10x_rcc.o
    0x0800b398   0x0800b398   0x00000020   Code   RO         4492    i.RCC_APB2PeriphResetCmd  stm32f10x_rcc.o
    0x0800b3b8   0x0800b3b8   0x0000000c   Code   RO         4494    i.RCC_BackupResetCmd  stm32f10x_rcc.o
    0x0800b3c4   0x0800b3c4   0x00000014   Code   RO         4495    i.RCC_ClearFlag     stm32f10x_rcc.o
    0x0800b3d8   0x0800b3d8   0x000000d4   Code   RO         4499    i.RCC_GetClocksFreq  stm32f10x_rcc.o
    0x0800b4ac   0x0800b4ac   0x0000003c   Code   RO         4500    i.RCC_GetFlagStatus  stm32f10x_rcc.o
    0x0800b4e8   0x0800b4e8   0x00000010   Code   RO         4502    i.RCC_GetSYSCLKSource  stm32f10x_rcc.o
    0x0800b4f8   0x0800b4f8   0x0000004c   Code   RO         4504    i.RCC_HSEConfig     stm32f10x_rcc.o
    0x0800b544   0x0800b544   0x00000034   Code   RO         4507    i.RCC_LSEConfig     stm32f10x_rcc.o
    0x0800b578   0x0800b578   0x0000000c   Code   RO         4508    i.RCC_LSICmd        stm32f10x_rcc.o
    0x0800b584   0x0800b584   0x0000000c   Code   RO         4512    i.RCC_PLLCmd        stm32f10x_rcc.o
    0x0800b590   0x0800b590   0x0000000c   Code   RO         4514    i.RCC_RTCCLKCmd     stm32f10x_rcc.o
    0x0800b59c   0x0800b59c   0x00000010   Code   RO         4515    i.RCC_RTCCLKConfig  stm32f10x_rcc.o
    0x0800b5ac   0x0800b5ac   0x00000018   Code   RO         4516    i.RCC_SYSCLKConfig  stm32f10x_rcc.o
    0x0800b5c4   0x0800b5c4   0x0000001c   Code   RO         1300    i.RTCAlarm_IRQHandler  rtc.o
    0x0800b5e0   0x0800b5e0   0x0000003e   Code   RO         1301    i.RTC_AlarmConfig   rtc.o
    0x0800b61e   0x0800b61e   0x00000002   PAD
    0x0800b620   0x0800b620   0x00000010   Code   RO         4687    i.RTC_ClearFlag     stm32f10x_rtc.o
    0x0800b630   0x0800b630   0x00000010   Code   RO         4688    i.RTC_ClearITPendingBit  stm32f10x_rtc.o
    0x0800b640   0x0800b640   0x000000c4   Code   RO         1302    i.RTC_ClockConfig   rtc.o
    0x0800b704   0x0800b704   0x00000014   Code   RO         4689    i.RTC_EnterConfigMode  stm32f10x_rtc.o
    0x0800b718   0x0800b718   0x00000014   Code   RO         4690    i.RTC_ExitConfigMode  stm32f10x_rtc.o
    0x0800b72c   0x0800b72c   0x00000014   Code   RO         4691    i.RTC_GetCounter    stm32f10x_rtc.o
    0x0800b740   0x0800b740   0x00000024   Code   RO         4694    i.RTC_GetITStatus   stm32f10x_rtc.o
    0x0800b764   0x0800b764   0x00000034   Code   RO         1303    i.RTC_IRQHandler    rtc.o
    0x0800b798   0x0800b798   0x00000020   Code   RO         4695    i.RTC_ITConfig      stm32f10x_rtc.o
    0x0800b7b8   0x0800b7b8   0x0000002a   Code   RO         1304    i.RTC_NVIC_Config   rtc.o
    0x0800b7e2   0x0800b7e2   0x00000002   PAD
    0x0800b7e4   0x0800b7e4   0x0000001c   Code   RO         4696    i.RTC_SetAlarm      stm32f10x_rtc.o
    0x0800b800   0x0800b800   0x0000001c   Code   RO         4697    i.RTC_SetCounter    stm32f10x_rtc.o
    0x0800b81c   0x0800b81c   0x00000020   Code   RO         4698    i.RTC_SetPrescaler  stm32f10x_rtc.o
    0x0800b83c   0x0800b83c   0x0000001c   Code   RO         1305    i.RTC_TimeConfig    rtc.o
    0x0800b858   0x0800b858   0x00000038   Code   RO         1306    i.RTC_WKTimeConfig  rtc.o
    0x0800b890   0x0800b890   0x00000014   Code   RO         4699    i.RTC_WaitForLastTask  stm32f10x_rtc.o
    0x0800b8a4   0x0800b8a4   0x00000024   Code   RO         4700    i.RTC_WaitForSynchro  stm32f10x_rtc.o
    0x0800b8c8   0x0800b8c8   0x00000060   Code   RO         2632    i.ReadEEPROM_AFE_Parameters  sh367309_datadeal.o
    0x0800b928   0x0800b928   0x00000094   Code   RO          360    i.ReadEEPROM_Byte   eeprom.o
    0x0800b9bc   0x0800b9bc   0x00000508   Code   RO          362    i.ReadEEPROM_ByteData_StartUp  eeprom.o
    0x0800bec4   0x0800bec4   0x00000090   Code   RO         2714    i.ReadEEPROM_EventRecord_Parameters  logrecord.o
    0x0800bf54   0x0800bf54   0x00000024   Code   RO          363    i.ReadEEPROM_Word_NoZone  eeprom.o
    0x0800bf78   0x0800bf78   0x000000b4   Code   RO          365    i.ReadEEPROM_Word_WithZone  eeprom.o
    0x0800c02c   0x0800c02c   0x00000034   Code   RO         1814    i.RefreshData_SOC   soc.o
    0x0800c060   0x0800c060   0x00000038   Code   RO         1713    i.RefreshData_SleepFunction  sleepdeal.o
    0x0800c098   0x0800c098   0x000002d4   Code   RO         2633    i.Refresh_Parameters  sh367309_datadeal.o
    0x0800c36c   0x0800c36c   0x00000054   Code   RO         2442    i.SH367309_DriverMos_Ctrl  sh367309_func.o
    0x0800c3c0   0x0800c3c0   0x000001a0   Code   RO         2443    i.SH367309_Driver_Supplement  sh367309_func.o
    0x0800c560   0x0800c560   0x00000038   Code   RO         2444    i.SH367309_Enable_AFE_Wdt_Cadc_Drivers  sh367309_func.o
    0x0800c598   0x0800c598   0x00000068   Code   RO         2634    i.SH367309_UpdataAfeConfig  sh367309_datadeal.o
    0x0800c600   0x0800c600   0x0000011c   Code   RO         5898    i.SOC_Cont_AH_Int_CHG  SocEnhance.lib(socenhance.o)
    0x0800c71c   0x0800c71c   0x00000128   Code   RO         5899    i.SOC_Cont_AH_Int_DSG  SocEnhance.lib(socenhance.o)
    0x0800c844   0x0800c844   0x000001e0   Code   RO         5901    i.SOC_DealEEPROM_Data  SocEnhance.lib(socenhance.o)
    0x0800ca24   0x0800ca24   0x0000014c   Code   RO         5902    i.SOC_EEPROM_Deal_Monitor  SocEnhance.lib(socenhance.o)
    0x0800cb70   0x0800cb70   0x00000058   Code   RO         5903    i.SOC_IntEnhance_Ctrl  SocEnhance.lib(socenhance.o)
    0x0800cbc8   0x0800cbc8   0x0000006c   Code   RO         5905    i.SOC_RefreshData_Monitor  SocEnhance.lib(socenhance.o)
    0x0800cc34   0x0800cc34   0x000000ac   Code   RO         5906    i.SOC_Result_Pass   SocEnhance.lib(socenhance.o)
    0x0800cce0   0x0800cce0   0x000000c0   Code   RO         5907    i.SOC_State_Transfer  SocEnhance.lib(socenhance.o)
    0x0800cda0   0x0800cda0   0x00000194   Code   RO         5908    i.SOC_Update_StartUp  SocEnhance.lib(socenhance.o)
    0x0800cf34   0x0800cf34   0x00000002   Code   RO         2798    i.SVC_Handler       stm32f10x_it.o
    0x0800cf36   0x0800cf36   0x00000002   PAD
    0x0800cf38   0x0800cf38   0x00000080   Code   RO         1395    i.Sci1_CommonUpper_FaultChk  sci_upper.o
    0x0800cfb8   0x0800cfb8   0x00000110   Code   RO         1396    i.Sci1_CommonUpper_Rx_Deal  sci_upper.o
    0x0800d0c8   0x0800d0c8   0x000000dc   Code   RO         1397    i.Sci1_CommonUpper_Tx_Deal  sci_upper.o
    0x0800d1a4   0x0800d1a4   0x00000080   Code   RO         1398    i.Sci2_CommonUpper_FaultChk  sci_upper.o
    0x0800d224   0x0800d224   0x00000110   Code   RO         1399    i.Sci2_CommonUpper_Rx_Deal  sci_upper.o
    0x0800d334   0x0800d334   0x000000dc   Code   RO         1400    i.Sci2_CommonUpper_Tx_Deal  sci_upper.o
    0x0800d410   0x0800d410   0x00000118   Code   RO         1401    i.Sci_ACK_0x03      sci_upper.o
    0x0800d528   0x0800d528   0x00000038   Code   RO         2635    i.Sci_ACK_0x03_RW_AFE_Parameters  sh367309_datadeal.o
    0x0800d560   0x0800d560   0x00000050   Code   RO         1402    i.Sci_ACK_0x03_RW_Data_Cali  sci_upper.o
    0x0800d5b0   0x0800d5b0   0x000000f0   Code   RO         1403    i.Sci_ACK_0x03_RW_Data_Other  sci_upper.o
    0x0800d6a0   0x0800d6a0   0x00000058   Code   RO         1404    i.Sci_ACK_0x03_RW_Data_OtherCanAdd  sci_upper.o
    0x0800d6f8   0x0800d6f8   0x00000030   Code   RO         1405    i.Sci_ACK_0x03_RW_Data_Pro  sci_upper.o
    0x0800d728   0x0800d728   0x0000041c   Code   RO         1406    i.Sci_ACK_0x03_ReadRegs_Data  sci_upper.o
    0x0800db44   0x0800db44   0x00000050   Code   RO         2715    i.Sci_ACK_0x03_ReadRegs_EventRecord  logrecord.o
    0x0800db94   0x0800db94   0x000001cc   Code   RO         1407    i.Sci_ACK_0x03_ReadRegs_LCD  sci_upper.o
    0x0800dd60   0x0800dd60   0x0000005a   Code   RO         1408    i.Sci_ACK_0x06_0x10  sci_upper.o
    0x0800ddba   0x0800ddba   0x00000036   Code   RO         1221    i.Sci_CRC16RTU      pubfunc.o
    0x0800ddf0   0x0800ddf0   0x0000003c   Code   RO         1409    i.Sci_DataInit      sci_upper.o
    0x0800de2c   0x0800de2c   0x000000a0   Code   RO         1410    i.Sci_Deal_ReadRegs_0x03  sci_upper.o
    0x0800decc   0x0800decc   0x000000b6   Code   RO         1411    i.Sci_Deal_WrReg_0x06  sci_upper.o
    0x0800df82   0x0800df82   0x0000025c   Code   RO         1412    i.Sci_Deal_WrRegs_0x10  sci_upper.o
    0x0800e1de   0x0800e1de   0x00000002   PAD
    0x0800e1e0   0x0800e1e0   0x00000058   Code   RO         1413    i.Sci_WrReg_0x06_BMS_FunctionOFF  sci_upper.o
    0x0800e238   0x0800e238   0x00000168   Code   RO         1414    i.Sci_WrReg_0x06_BMS_FunctionON  sci_upper.o
    0x0800e3a0   0x0800e3a0   0x0000002c   Code   RO         2636    i.Sci_WrReg_0x06_Reset_AFE_Parameters  sh367309_datadeal.o
    0x0800e3cc   0x0800e3cc   0x000001b8   Code   RO         1415    i.Sci_WrReg_0x06_Reset_CalibCoef  sci_upper.o
    0x0800e584   0x0800e584   0x00000050   Code   RO         2716    i.Sci_WrReg_0x06_Reset_EventRecord  logrecord.o
    0x0800e5d4   0x0800e5d4   0x00000058   Code   RO         1416    i.Sci_WrReg_0x06_Reset_HeatCool  sci_upper.o
    0x0800e62c   0x0800e62c   0x0000009c   Code   RO         1417    i.Sci_WrReg_0x06_Reset_OtherCanAdd  sci_upper.o
    0x0800e6c8   0x0800e6c8   0x00000070   Code   RO         1418    i.Sci_WrReg_0x06_Reset_ProtectElement  sci_upper.o
    0x0800e738   0x0800e738   0x0000007c   Code   RO         1419    i.Sci_WrReg_0x06_Reset_ProtectRecord  sci_upper.o
    0x0800e7b4   0x0800e7b4   0x0000002c   Code   RO         1420    i.Sci_WrReg_0x06_SetSocOnce  sci_upper.o
    0x0800e7e0   0x0800e7e0   0x0000001c   Code   RO         1421    i.Sci_WrReg_0x06_SwitchOFF  sci_upper.o
    0x0800e7fc   0x0800e7fc   0x0000001c   Code   RO         1422    i.Sci_WrReg_0x06_SwitchON  sci_upper.o
    0x0800e818   0x0800e818   0x000000ac   Code   RO         2637    i.Sci_WrRegs_0x10_AFE_Parameters  sh367309_datadeal.o
    0x0800e8c4   0x0800e8c4   0x0000009c   Code   RO         1423    i.Sci_WrRegs_0x10_Balance  sci_upper.o
    0x0800e960   0x0800e960   0x000000b4   Code   RO         1424    i.Sci_WrRegs_0x10_CalibCoef  sci_upper.o
    0x0800ea14   0x0800ea14   0x00000078   Code   RO         1425    i.Sci_WrRegs_0x10_CopperLoss  sci_upper.o
    0x0800ea8c   0x0800ea8c   0x00000044   Code   RO         1426    i.Sci_WrRegs_0x10_FlashConnect  sci_upper.o
    0x0800ead0   0x0800ead0   0x00000058   Code   RO         1427    i.Sci_WrRegs_0x10_HeatCoolElement  sci_upper.o
    0x0800eb28   0x0800eb28   0x000000a0   Code   RO         1428    i.Sci_WrRegs_0x10_Protect  sci_upper.o
    0x0800ebc8   0x0800ebc8   0x00000054   Code   RO         1429    i.Sci_WrRegs_0x10_RTC  sci_upper.o
    0x0800ec1c   0x0800ec1c   0x000000dc   Code   RO         1430    i.Sci_WrRegs_0x10_SN_Version  sci_upper.o
    0x0800ecf8   0x0800ecf8   0x000000a4   Code   RO         1431    i.Sci_WrRegs_0x10_SleepElement  sci_upper.o
    0x0800ed9c   0x0800ed9c   0x00000088   Code   RO         1432    i.Sci_WrRegs_0x10_SocElement  sci_upper.o
    0x0800ee24   0x0800ee24   0x00000058   Code   RO         1433    i.Sci_WrRegs_0x10_SocTable  sci_upper.o
    0x0800ee7c   0x0800ee7c   0x000000a0   Code   RO         1434    i.Sci_WrRegs_0x10_SysOther  sci_upper.o
    0x0800ef1c   0x0800ef1c   0x000000b0   Code   RO         1435    i.Sci_WrRegs_0x10_SystemElement  sci_upper.o
    0x0800efcc   0x0800efcc   0x00000098   Code   RO         1307    i.Seccond_Cal       rtc.o
    0x0800f064   0x0800f064   0x00000008   Code   RO         2888    i.SetSysClock       system_stm32f10x.o
    0x0800f06c   0x0800f06c   0x000000f4   Code   RO         2889    i.SetSysClockTo72   system_stm32f10x.o
    0x0800f160   0x0800f160   0x000000e0   Code   RO         6116    i.SleepCtrl         SleepFunction.lib(sleepfunction.o)
    0x0800f240   0x0800f240   0x0000007c   Code   RO         6117    i.SleepDeal_CBC     SleepFunction.lib(sleepfunction.o)
    0x0800f2bc   0x0800f2bc   0x00000158   Code   RO         6118    i.SleepDeal_Continue  SleepFunction.lib(sleepfunction.o)
    0x0800f414   0x0800f414   0x00000090   Code   RO         6119    i.SleepDeal_Forced_L1  SleepFunction.lib(sleepfunction.o)
    0x0800f4a4   0x0800f4a4   0x00000090   Code   RO         6120    i.SleepDeal_Forced_L2  SleepFunction.lib(sleepfunction.o)
    0x0800f534   0x0800f534   0x00000090   Code   RO         6121    i.SleepDeal_Forced_L3  SleepFunction.lib(sleepfunction.o)
    0x0800f5c4   0x0800f5c4   0x000001dc   Code   RO         6122    i.SleepDeal_Normal_L1  SleepFunction.lib(sleepfunction.o)
    0x0800f7a0   0x0800f7a0   0x000001a8   Code   RO         6123    i.SleepDeal_Normal_L2  SleepFunction.lib(sleepfunction.o)
    0x0800f948   0x0800f948   0x00000184   Code   RO         6124    i.SleepDeal_Normal_L3  SleepFunction.lib(sleepfunction.o)
    0x0800facc   0x0800facc   0x000000c8   Code   RO         6125    i.SleepDeal_Normal_Select  SleepFunction.lib(sleepfunction.o)
    0x0800fb94   0x0800fb94   0x0000007c   Code   RO         6126    i.SleepDeal_OverCurrent  SleepFunction.lib(sleepfunction.o)
    0x0800fc10   0x0800fc10   0x000000c4   Code   RO         6127    i.SleepDeal_Shift   SleepFunction.lib(sleepfunction.o)
    0x0800fcd4   0x0800fcd4   0x00000040   Code   RO         6128    i.SleepDeal_Test    SleepFunction.lib(sleepfunction.o)
    0x0800fd14   0x0800fd14   0x00000002   Code   RO         6129    i.SleepDeal_VcellOVP  SleepFunction.lib(sleepfunction.o)
    0x0800fd16   0x0800fd16   0x00000002   PAD
    0x0800fd18   0x0800fd18   0x0000007c   Code   RO         6130    i.SleepDeal_VcellUVP  SleepFunction.lib(sleepfunction.o)
    0x0800fd94   0x0800fd94   0x00000002   Code   RO         6131    i.SleepDeal_Vdelta  SleepFunction.lib(sleepfunction.o)
    0x0800fd96   0x0800fd96   0x00000002   Code   RO         2799    i.SysTick_Handler   stm32f10x_it.o
    0x0800fd98   0x0800fd98   0x00000054   Code   RO         1921    i.Sys_FindProtectFilterMax  system_monitor.o
    0x0800fdec   0x0800fdec   0x00000042   Code   RO         6133    i.Sys_StopMode      SleepFunction.lib(sleepfunction.o)
    0x0800fe2e   0x0800fe2e   0x00000002   PAD
    0x0800fe30   0x0800fe30   0x00000060   Code   RO         2891    i.SystemInit        system_stm32f10x.o
    0x0800fe90   0x0800fe90   0x00000088   Code   RO         1922    i.SystemMonitorResetData_EEPROM  system_monitor.o
    0x0800ff18   0x0800ff18   0x000002fc   Code   RO         1923    i.System_ERROR_UserCallback  system_monitor.o
    0x08010214   0x08010214   0x0000022c   Code   RO         1924    i.System_FUNC_StartUp  system_monitor.o
    0x08010440   0x08010440   0x00000090   Code   RO         1855    i.TIM3_IRQHandler   system_init.o
    0x080104d0   0x080104d0   0x00000006   Code   RO         5118    i.TIM_ClearITPendingBit  stm32f10x_tim.o
    0x080104d6   0x080104d6   0x00000018   Code   RO         5123    i.TIM_Cmd           stm32f10x_tim.o
    0x080104ee   0x080104ee   0x00000022   Code   RO         5144    i.TIM_GetITStatus   stm32f10x_tim.o
    0x08010510   0x08010510   0x00000012   Code   RO         5148    i.TIM_ITConfig      stm32f10x_tim.o
    0x08010522   0x08010522   0x00000002   PAD
    0x08010524   0x08010524   0x000000a4   Code   RO         5157    i.TIM_OC2Init       stm32f10x_tim.o
    0x080105c8   0x080105c8   0x000000a4   Code   RO         5194    i.TIM_TimeBaseInit  stm32f10x_tim.o
    0x0801066c   0x0801066c   0x00000070   Code   RO         2448    i.TemperatureCheck  sh367309_func.o
    0x080106dc   0x080106dc   0x00000068   Code   RO          944    i.TwiChkClkRelease  i2c_afe1.o
    0x08010744   0x08010744   0x000000a4   Code   RO          945    i.TwiGetData        i2c_afe1.o
    0x080107e8   0x080107e8   0x00000030   Code   RO          946    i.TwiReStart        i2c_afe1.o
    0x08010818   0x08010818   0x000000ce   Code   RO          947    i.TwiRead           i2c_afe1.o
    0x080108e6   0x080108e6   0x00000002   PAD
    0x080108e8   0x080108e8   0x00000110   Code   RO          949    i.TwiSendData       i2c_afe1.o
    0x080109f8   0x080109f8   0x00000058   Code   RO          950    i.TwiStart          i2c_afe1.o
    0x08010a50   0x08010a50   0x00000070   Code   RO          951    i.TwiStop           i2c_afe1.o
    0x08010ac0   0x08010ac0   0x0000008c   Code   RO          952    i.TwiWrite          i2c_afe1.o
    0x08010b4c   0x08010b4c   0x0000000c   Code   RO         1222    i.U16_SwapEndian    pubfunc.o
    0x08010b58   0x08010b58   0x00000030   Code   RO         2800    i.USART1_IRQHandler  stm32f10x_it.o
    0x08010b88   0x08010b88   0x00000030   Code   RO         2801    i.USART2_IRQHandler  stm32f10x_it.o
    0x08010bb8   0x08010bb8   0x00000024   Code   RO         2802    i.USART3_IRQHandler  stm32f10x_it.o
    0x08010bdc   0x08010bdc   0x00000018   Code   RO         5659    i.USART_Cmd         stm32f10x_usart.o
    0x08010bf4   0x08010bf4   0x00000054   Code   RO         5663    i.USART_GetITStatus  stm32f10x_usart.o
    0x08010c48   0x08010c48   0x0000004a   Code   RO         5665    i.USART_ITConfig    stm32f10x_usart.o
    0x08010c92   0x08010c92   0x00000002   PAD
    0x08010c94   0x08010c94   0x000000d8   Code   RO         5666    i.USART_Init        stm32f10x_usart.o
    0x08010d6c   0x08010d6c   0x0000003c   Code   RO         2174    i.USB_LP_CAN1_RX0_IRQHandler  can_hdx.o
    0x08010da8   0x08010da8   0x00000144   Code   RO          954    i.UpdateVoltageFromBqMaximo  i2c_afe1.o
    0x08010eec   0x08010eec   0x00000004   Code   RO         2803    i.UsageFault_Handler  stm32f10x_it.o
    0x08010ef0   0x08010ef0   0x00000080   Code   RO          367    i.WriteEEPROM_Byte  eeprom.o
    0x08010f70   0x08010f70   0x0000031c   Code   RO          368    i.WriteEEPROM_ByteData_Circle  eeprom.o
    0x0801128c   0x0801128c   0x00000066   Code   RO          369    i.WriteEEPROM_Word_NoZone  eeprom.o
    0x080112f2   0x080112f2   0x0000003e   Code   RO          370    i.WriteEEPROM_Word_WithZone  eeprom.o
    0x08011330   0x08011330   0x000000d4   Code   RO         2106    i.WriteProID        productionid.o
    0x08011404   0x08011404   0x0000008c   Code   RO         2107    i.WriteProID_Default  productionid.o
    0x08011490   0x08011490   0x00000044   Code   RO         2638    i.Write_Parameters  sh367309_datadeal.o
    0x080114d4   0x080114d4   0x0000004c   Code   RO         1856    i.__delay_ms        system_init.o
    0x08011520   0x08011520   0x0000004c   Code   RO         1857    i.__delay_us        system_init.o
    0x0801156c   0x0801156c   0x0000000e   Code   RO         6383    i.__scatterload_copy  mc_w.l(handlers.o)
    0x0801157a   0x0801157a   0x00000002   Code   RO         6384    i.__scatterload_null  mc_w.l(handlers.o)
    0x0801157c   0x0801157c   0x0000000e   Code   RO         6385    i.__scatterload_zeroinit  mc_w.l(handlers.o)
    0x0801158a   0x0801158a   0x0000004c   Code   RO         1168    i.main              main.o
    0x080115d6   0x080115d6   0x00000070   Data   RO           11    .constdata          adc.o
    0x08011646   0x08011646   0x00000002   PAD
    0x08011648   0x08011648   0x00000630   Data   RO          371    .constdata          eeprom.o
    0x08011c78   0x08011c78   0x00000170   Data   RO          956    .constdata          i2c_afe1.o
    0x08011de8   0x08011de8   0x00000100   Data   RO         1169    .constdata          main.o
    0x08011ee8   0x08011ee8   0x000000f4   Data   RO         1437    .constdata          sci_upper.o
    0x08011fdc   0x08011fdc   0x00000054   Data   RO         1816    .constdata          soc.o
    0x08012030   0x08012030   0x000000c0   Data   RO         2640    .constdata          sh367309_datadeal.o
    0x080120f0   0x080120f0   0x000000fc   Data   RO         5910    .constdata          SocEnhance.lib(socenhance.o)
    0x080121ec   0x080121ec   0x00000020   Data   RO         6381    Region$$Table       anon$$obj.o


    Execution Region RW_IRAM1 (Exec base: 0x20000000, Load base: 0x0801220c, Size: 0x00001c60, Max: 0x0000c000, ABSOLUTE, COMPRESSED[0x000001d8])

    Exec Addr    Load Addr    Size         Type   Attr      Idx    E Section Name        Object

    0x20000000   COMPRESSED   0x0000002a   Data   RW          281    .data               datadeal.o
    0x2000002a   COMPRESSED   0x00000002   PAD
    0x2000002c   COMPRESSED   0x0000001c   Data   RW          372    .data               eeprom.o
    0x20000048   COMPRESSED   0x00000061   Data   RW          549    .data               fault.o
    0x200000a9   COMPRESSED   0x00000001   PAD
    0x200000aa   COMPRESSED   0x0000000a   Data   RW          845    .data               heat_cool.o
    0x200000b4   COMPRESSED   0x00000001   Data   RW         1170    .data               main.o
    0x200000b5   COMPRESSED   0x00000003   Data   RW         1225    .data               pubfunc.o
    0x200000b8   COMPRESSED   0x00000026   Data   RW         1311    .data               rtc.o
    0x200000de   COMPRESSED   0x00000002   PAD
    0x200000e0   COMPRESSED   0x00000018   Data   RW         1438    .data               sci_upper.o
    0x200000f8   COMPRESSED   0x00000006   Data   RW         1715    .data               sleepdeal.o
    0x200000fe   COMPRESSED   0x0000001a   Data   RW         1858    .data               system_init.o
    0x20000118   COMPRESSED   0x0000001a   Data   RW         1926    .data               system_monitor.o
    0x20000132   COMPRESSED   0x00000008   Data   RW         2066    .data               led_buzzer.o
    0x2000013a   COMPRESSED   0x00000001   Data   RW         2109    .data               productionid.o
    0x2000013b   COMPRESSED   0x00000001   PAD
    0x2000013c   COMPRESSED   0x0000000e   Data   RW         2176    .data               can_hdx.o
    0x2000014a   COMPRESSED   0x00000018   Data   RW         2366    .data               cell_balance.o
    0x20000162   COMPRESSED   0x00000002   PAD
    0x20000164   COMPRESSED   0x00000164   Data   RW         2450    .data               sh367309_func.o
    0x200002c8   COMPRESSED   0x00000006   Data   RW         2571    .data               chargerloadfunc.o
    0x200002ce   COMPRESSED   0x00000002   PAD
    0x200002d0   COMPRESSED   0x000000db   Data   RW         2641    .data               sh367309_datadeal.o
    0x200003ab   COMPRESSED   0x00000001   PAD
    0x200003ac   COMPRESSED   0x00000008   Data   RW         2718    .data               logrecord.o
    0x200003b4   COMPRESSED   0x00000014   Data   RW         2892    .data               system_stm32f10x.o
    0x200003c8   COMPRESSED   0x00000014   Data   RW         4519    .data               stm32f10x_rcc.o
    0x200003dc   COMPRESSED   0x00000050   Data   RW         5911    .data               SocEnhance.lib(socenhance.o)
    0x2000042c   COMPRESSED   0x00000080   Data   RW         6135    .data               SleepFunction.lib(sleepfunction.o)
    0x200004ac        -       0x00000070   Zero   RW           10    .bss                adc.o
    0x2000051c        -       0x0000013c   Zero   RW          280    .bss                datadeal.o
    0x20000658        -       0x00000172   Zero   RW          548    .bss                fault.o
    0x200007ca        -       0x00000030   Zero   RW          844    .bss                heat_cool.o
    0x200007fa   COMPRESSED   0x00000002   PAD
    0x200007fc        -       0x0000005c   Zero   RW          955    .bss                i2c_afe1.o
    0x20000858        -       0x00000018   Zero   RW         1310    .bss                rtc.o
    0x20000870        -       0x0000048c   Zero   RW         1436    .bss                sci_upper.o
    0x20000cfc        -       0x00000054   Zero   RW         1815    .bss                soc.o
    0x20000d50        -       0x00000018   Zero   RW         1925    .bss                system_monitor.o
    0x20000d68        -       0x00000070   Zero   RW         2108    .bss                productionid.o
    0x20000dd8        -       0x00000028   Zero   RW         2175    .bss                can_hdx.o
    0x20000e00        -       0x00000020   Zero   RW         2365    .bss                cell_balance.o
    0x20000e20        -       0x0000000c   Zero   RW         2449    .bss                sh367309_func.o
    0x20000e2c        -       0x0000001a   Zero   RW         2639    .bss                sh367309_datadeal.o
    0x20000e46        -       0x000000dd   Zero   RW         2717    .bss                logrecord.o
    0x20000f23   COMPRESSED   0x00000001   PAD
    0x20000f24        -       0x0000010c   Zero   RW         5909    .bss                SocEnhance.lib(socenhance.o)
    0x20001030        -       0x0000002a   Zero   RW         6134    .bss                SleepFunction.lib(sleepfunction.o)
    0x2000105a   COMPRESSED   0x00000006   PAD
    0x20001060        -       0x00000c00   Zero   RW         2781    STACK               startup_stm32f10x_hd.o


==============================================================================

Image component sizes


      Code (inc. data)   RO Data    RW Data    ZI Data      Debug   Object Name

       676         58        112          0        112     323434   adc.o
      3562        306          0         14         40      18899   can_hdx.o
      1644        198          0         24         32       8339   cell_balance.o
         0          0          0          6          0       1984   chargerloadfunc.o
         0          0          0          0          0         32   core_cm3.o
      2456        270          0         42        316      10588   datadeal.o
      4420        476       1584         28          0      15562   eeprom.o
      1180        146          0         97        370      32419   fault.o
       120         12          0          0          0      16820   flash.o
         0          0          0         10         48       3451   heat_cool.o
      1932        106        368          0         92      12542   i2c_afe1.o
         4          0          0          0          0        816   lcd.o
       520         62          0          8          0       3563   led_buzzer.o
      1208        104          0          8        221       6586   logrecord.o
       532        102        256          1          0       3511   main.o
       132         22          0          0          0       1639   misc.o
       564         58          0          1        112       3237   productionid.o
       664         12          0          3          0       4886   pubfunc.o
       704         24          0         38         24       6289   rtc.o
      8836        702        244         24       1164      46301   sci_upper.o
      1948        150        192        219         26      12006   sh367309_datadeal.o
      2048        152          0        356         12      13243   sh367309_func.o
      1120         88          0          6          0       7734   sleepdeal.o
       384         50         84          0         84       2427   soc.o
        36          8        304          0       3072        864   startup_stm32f10x_hd.o
       500         24          0          0          0       8850   stm32f10x_adc.o
        72         10          0          0          0       2816   stm32f10x_bkp.o
      1340         34          0          0          0       6439   stm32f10x_can.o
       442          8          0          0          0       4107   stm32f10x_dma.o
       200         18          0          0          0       2244   stm32f10x_exti.o
       286         36          0          0          0       4148   stm32f10x_flash.o
       494         10          0          0          0       4684   stm32f10x_gpio.o
       300         38          0          0          0       8181   stm32f10x_it.o
        68         30          0          0          0       2610   stm32f10x_iwdg.o
        76         16          0          0          0       1218   stm32f10x_pwr.o
       708        118          0         20          0      13034   stm32f10x_rcc.o
       304         56          0          0          0       6571   stm32f10x_rtc.o
       410         52          0          0          0       4484   stm32f10x_tim.o
       398          6          0          0          0       4622   stm32f10x_usart.o
      1584        150          0         26          0       9157   system_init.o
      1976        144          0         26         24       9049   system_monitor.o
       348         36          0         20          0       2541   system_stm32f10x.o
         4          0          0          0          0        879   uart_client.o

    ----------------------------------------------------------------------
     44242       3892       3178        988       5752     652806   Object Totals
         0          0         32          0          0          0   (incl. Generated)
        42          0          2         11          3          0   (incl. Padding)

    ----------------------------------------------------------------------

      Code (inc. data)   RO Data    RW Data    ZI Data      Debug   Library Member Name

      3458        326          0        128         42     234646   sleepfunction.o
      4438        290        252         80        268     223552   socenhance.o
        86          0          0          0          0          0   __dczerorl2.o
         0          0          0          0          0          0   entry.o
         0          0          0          0          0          0   entry10a.o
         0          0          0          0          0          0   entry11a.o
         4          0          0          0          0          0   entry12b.o
         8          4          0          0          0          0   entry2.o
         4          0          0          0          0          0   entry5.o
         0          0          0          0          0          0   entry7b.o
         0          0          0          0          0          0   entry8b.o
         8          4          0          0          0          0   entry9a.o
        30          0          0          0          0          0   handlers.o
        36          8          0          0          0         68   init.o
        36          0          0          0          0         68   memcpya.o
        36          0          0          0          0        108   memseta.o

    ----------------------------------------------------------------------
      8148        632        252        208        316     458442   Library Totals
         4          0          0          0          6          0   (incl. Padding)

    ----------------------------------------------------------------------

      Code (inc. data)   RO Data    RW Data    ZI Data      Debug   Library Name

      3458        326          0        128         42     234646   SleepFunction.lib
      4438        290        252         80        268     223552   SocEnhance.lib
       248         16          0          0          0        244   mc_w.l

    ----------------------------------------------------------------------
      8148        632        252        208        316     458442   Library Totals

    ----------------------------------------------------------------------

==============================================================================


      Code (inc. data)   RO Data    RW Data    ZI Data      Debug   

     52390       4524       3430       1196       6068    1091200   Grand Totals
     52390       4524       3430        472       6068    1091200   ELF Image Totals (compressed)
     52390       4524       3430        472          0          0   ROM Totals

==============================================================================

    Total RO  Size (Code + RO Data)                55820 (  54.51kB)
    Total RW  Size (RW Data + ZI Data)              7264 (   7.09kB)
    Total ROM Size (Code + RO Data + RW Data)      56292 (  54.97kB)

==============================================================================

